referencing_object                                                                                                               object_type                                                  referenced_entity
-------------------------------------------------------------------------------------------------------------------------------- ------------------------------------------------------------ --------------------------------------------------------------------------------------------------------------------------------
FN_GetAreaDirStores                                                                                                              SQL_SCALAR_FUNCTION                                          areadir
new01_csi_structurefile                                                                                                          SQL_STORED_PROCEDURE                                         areadir
sp_rpt_DSP_Restaurant_Location_Coverage_Check_Report                                                                             SQL_STORED_PROCEDURE                                         AreaDir
sp_rpt_Tattle_Team_Members                                                                                                       SQL_STORED_PROCEDURE                                         AreaDir
sp_rpt_table_data_change_log                                                                                                     SQL_STORED_PROCEDURE                                         AuditDataChanges
rpt_StoreTechnicalInfo_AV                                                                                                        SQL_STORED_PROCEDURE                                         AVSoftwareTypes
sp_rpt_Billing_Contacts                                                                                                          SQL_STORED_PROCEDURE                                         BillingContacts
sp_rpt_DSP_Restaurant_Location_Coverage_Check_Report                                                                             SQL_STORED_PROCEDURE                                         BillingContacts
sp_Update_StoreClosures_from_Yext                                                                                                SQL_STORED_PROCEDURE                                         CalendarV2
updateCateringBudget                                                                                                             SQL_STORED_PROCEDURE                                         CateringBudgeted
updateCateringGoals                                                                                                              SQL_STORED_PROCEDURE                                         CateringGoals
FN_GetCateringMgrStores                                                                                                          SQL_SCALAR_FUNCTION                                          cateringmgr
new01_rpt_sp_locations_contact_info                                                                                              SQL_STORED_PROCEDURE                                         CateringMgr
new01_rpt_sp_locations_full                                                                                                      SQL_STORED_PROCEDURE                                         CateringMgr
sp_export_eSite_Sales                                                                                                            SQL_STORED_PROCEDURE                                         CheckData
sp_export_eSite_Transactions                                                                                                     SQL_STORED_PROCEDURE                                         CheckData
sp_export_eSite_Customers                                                                                                        SQL_STORED_PROCEDURE                                         checkin
sp_export_eSite_Customers                                                                                                        SQL_STORED_PROCEDURE                                         clients_and_leads
new01_sp_Closures_merge                                                                                                          SQL_STORED_PROCEDURE                                         ClosuresTemp
new01_sp_Closures_merge                                                                                                          SQL_STORED_PROCEDURE                                         ClosuresTemp
sp_update_CMC_SiteDetail                                                                                                         SQL_STORED_PROCEDURE                                         CMC_SiteDetail
sp_update_CMC_SiteVersions                                                                                                       SQL_STORED_PROCEDURE                                         CMC_SiteVersions_temp
new01_csi_structurefile                                                                                                          SQL_STORED_PROCEDURE                                         company
sp_export_eSite_Stores                                                                                                           SQL_STORED_PROCEDURE                                         Company
sp_rpt_Billing_Contacts                                                                                                          SQL_STORED_PROCEDURE                                         company
sp_rpt_FZ_Contact_by_FZ_Company                                                                                                  SQL_STORED_PROCEDURE                                         company
sp_rpt_Store_Ownership_Transfers                                                                                                 SQL_STORED_PROCEDURE                                         company
sp_rpt_Tattle_Team_Members                                                                                                       SQL_STORED_PROCEDURE                                         Company
TR_AreaDir_AUDIT                                                                                                                 SQL_TRIGGER                                                  deleted
TR_BillingContacts_AUDIT                                                                                                         SQL_TRIGGER                                                  deleted
TR_CCProcessors_AUDIT                                                                                                            SQL_TRIGGER                                                  deleted
TR_Company_AUDIT                                                                                                                 SQL_TRIGGER                                                  deleted
TR_StoreMachineDetail_AUDIT                                                                                                      SQL_TRIGGER                                                  deleted
TR_StoreTechnical_AUDIT                                                                                                          SQL_TRIGGER                                                  deleted
trg_AreaDir_Identify_Updated_Columns                                                                                             SQL_TRIGGER                                                  deleted
trg_BillingContacts_Identify_Updated_Columns                                                                                     SQL_TRIGGER                                                  deleted
trg_CameraVendors_Identify_Updated_Columns                                                                                       SQL_TRIGGER                                                  deleted
trg_CCProcessors_Identify_Updated_Columns                                                                                        SQL_TRIGGER                                                  deleted
trg_Company_Identify_Updated_Columns                                                                                             SQL_TRIGGER                                                  deleted
trg_DeliveryPartners_Identify_Updated_Columns                                                                                    SQL_TRIGGER                                                  deleted
trg_DeliveryPartnersByStore_Identify_Updated_Columns                                                                             SQL_TRIGGER                                                  deleted
trg_EventTypes_Identify_Updated_Columns                                                                                          SQL_TRIGGER                                                  deleted
trg_FireWallProvider_Identify_Updated_Columns                                                                                    SQL_TRIGGER                                                  deleted
trg_GeneralManagers_Identify_Updated_Columns                                                                                     SQL_TRIGGER                                                  deleted
trg_PrimaryContacts_Identify_Updated_Columns                                                                                     SQL_TRIGGER                                                  deleted
trg_Store_Identify_Updated_Columns                                                                                               SQL_TRIGGER                                                  deleted
trg_StoreEvents_Identify_Updated_Columns                                                                                         SQL_TRIGGER                                                  deleted
trg_StoreSize_Identify_Updated_Columns                                                                                           SQL_TRIGGER                                                  deleted
trg_StoreTechnical_Identify_Updated_Columns                                                                                      SQL_TRIGGER                                                  deleted
new01_rpt_sp_locations_delivery_partners_by_store                                                                                SQL_STORED_PROCEDURE                                         DeliveryPartners
new01_rpt_sp_locations_delivery_partners_by_store                                                                                SQL_STORED_PROCEDURE                                         DeliveryPartnersByStore
sp_export_eSite_Customers                                                                                                        SQL_STORED_PROCEDURE                                         dpvhstgndtender
sp_export_eSite_Transactions                                                                                                     SQL_STORED_PROCEDURE                                         dpvHstGndTender
sp_upgraddiagrams                                                                                                                SQL_STORED_PROCEDURE                                         dtproperties
new01_csi_structurefile                                                                                                          SQL_STORED_PROCEDURE                                         fbc
rpt_StoreTechnicalInfo                                                                                                           SQL_STORED_PROCEDURE                                         FireWallProvider
rpt_StoreTechnicalInfo_Network                                                                                                   SQL_STORED_PROCEDURE                                         FireWallProvider
new01_csi_structurefile                                                                                                          SQL_STORED_PROCEDURE                                         fmm
sp_export_eSite_Stores                                                                                                           SQL_STORED_PROCEDURE                                         FN_CalculateDates_SameDayLastYear
new01_rpt_sp_locations_full                                                                                                      SQL_STORED_PROCEDURE                                         FN_Strip_Leading_Trailing_Non_Alpha_Numeric_Chars
new01_rpt_sp_locations_job_positions_only                                                                                        SQL_STORED_PROCEDURE                                         FN_Strip_Leading_Trailing_Non_Alpha_Numeric_Chars
new01_rpt_sp_Buxton_Stores                                                                                                       SQL_STORED_PROCEDURE                                         fnFormatPhoneNumber
new01_rpt_sp_Upload_For_Google                                                                                                   SQL_STORED_PROCEDURE                                         fnFormatPhoneNumber
sp_rpt_DSP_Restaurant_Location_Coverage_Check_Report                                                                             SQL_STORED_PROCEDURE                                         fnFormatPhoneNumber
sp_rpt_DSP_Restaurant_Location_Coverage_Check_Report                                                                             SQL_STORED_PROCEDURE                                         fnFormatPhoneNumber
sp_rpt_FZ_Contact_by_FZ_Company                                                                                                  SQL_STORED_PROCEDURE                                         fnFormatPhoneNumber
new01_rpt_sp_locations_contact_info                                                                                              SQL_STORED_PROCEDURE                                         fnFormatPhoneNumber2
new01_rpt_sp_locations_full                                                                                                      SQL_STORED_PROCEDURE                                         fnFormatPhoneNumber2
sp_rpt_Billing_Contacts                                                                                                          SQL_STORED_PROCEDURE                                         fnFormatPhoneNumber2
FN_GetOwnerStores                                                                                                                SQL_SCALAR_FUNCTION                                          FZContact
sp_rpt_FZ_Contact_by_FZ_Company                                                                                                  SQL_STORED_PROCEDURE                                         FZContact
sp_rpt_Tattle_Team_Members                                                                                                       SQL_STORED_PROCEDURE                                         FZContact
sp_rpt_DSP_Restaurant_Location_Coverage_Check_Report                                                                             SQL_STORED_PROCEDURE                                         GeneralManagers
DMAs                                                                                                                             SQL_STORED_PROCEDURE                                         get_storesincluded
domo_storeinfo                                                                                                                   SQL_STORED_PROCEDURE                                         get_StoresIncluded
new01_Last_Hourly_Poll                                                                                                           SQL_STORED_PROCEDURE                                         get_StoresIncluded
new01_rpt_sp_locations_contact_info                                                                                              SQL_STORED_PROCEDURE                                         get_StoresIncluded
new01_rpt_sp_locations_delivery_partners_by_store                                                                                SQL_STORED_PROCEDURE                                         get_StoresIncluded
new01_rpt_sp_locations_full                                                                                                      SQL_STORED_PROCEDURE                                         get_StoresIncluded
new01_rpt_sp_locations_job_positions_only                                                                                        SQL_STORED_PROCEDURE                                         get_StoresIncluded
new01_rpt_sp_Upload_For_Google                                                                                                   SQL_STORED_PROCEDURE                                         get_StoresIncluded
new01_sp_rpt_AllPay_Restaurant_info                                                                                              SQL_STORED_PROCEDURE                                         get_StoresIncluded
rpt_StoreTechnicalInfo                                                                                                           SQL_STORED_PROCEDURE                                         get_StoresIncluded
rpt_StoreTechnicalInfo_AV                                                                                                        SQL_STORED_PROCEDURE                                         get_StoresIncluded
rpt_StoreTechnicalInfo_Network                                                                                                   SQL_STORED_PROCEDURE                                         get_StoresIncluded
sp_export_eSite_Sales                                                                                                            SQL_STORED_PROCEDURE                                         get_StoresIncluded
sp_export_eSite_Transactions                                                                                                     SQL_STORED_PROCEDURE                                         get_StoresIncluded
sp_rpt_Billing_Contacts                                                                                                          SQL_STORED_PROCEDURE                                         get_storesincluded
sp_rpt_DSP_Restaurant_Location_Coverage_Check_Report                                                                             SQL_STORED_PROCEDURE                                         get_storesincluded
sp_rpt_Restaurant_Open_Date_and_Comping_Date                                                                                     SQL_STORED_PROCEDURE                                         get_StoresIncluded
sp_rpt_Tattle_Groups                                                                                                             SQL_STORED_PROCEDURE                                         get_StoresIncluded
sp_rpt_Tattle_Locations                                                                                                          SQL_STORED_PROCEDURE                                         get_StoresIncluded
sp_rpt_Tattle_Team_Members                                                                                                       SQL_STORED_PROCEDURE                                         get_StoresIncluded
sp_export_eSite_Customers                                                                                                        SQL_STORED_PROCEDURE                                         guest_data
rpt_StoreTechnicalInfo_Network                                                                                                   SQL_STORED_PROCEDURE                                         HSIServiceType
new01_Last_Hourly_Poll                                                                                                           SQL_STORED_PROCEDURE                                         hstimportcompletion
TR_AreaDir_AUDIT                                                                                                                 SQL_TRIGGER                                                  inserted
TR_BillingContacts_AUDIT                                                                                                         SQL_TRIGGER                                                  inserted
TR_CCProcessors_AUDIT                                                                                                            SQL_TRIGGER                                                  inserted
TR_Company_AUDIT                                                                                                                 SQL_TRIGGER                                                  inserted
TR_StoreMachineDetail_AUDIT                                                                                                      SQL_TRIGGER                                                  inserted
TR_StoreTechnical_AUDIT                                                                                                          SQL_TRIGGER                                                  inserted
trg_AreaDir_Identify_Updated_Columns                                                                                             SQL_TRIGGER                                                  inserted
trg_BillingContacts_Identify_Updated_Columns                                                                                     SQL_TRIGGER                                                  inserted
trg_CameraVendors_Identify_Updated_Columns                                                                                       SQL_TRIGGER                                                  inserted
trg_CCProcessors_Identify_Updated_Columns                                                                                        SQL_TRIGGER                                                  inserted
trg_Company_Identify_Updated_Columns                                                                                             SQL_TRIGGER                                                  inserted
trg_DeliveryPartners_Identify_Updated_Columns                                                                                    SQL_TRIGGER                                                  inserted
trg_DeliveryPartnersByStore_Identify_Updated_Columns                                                                             SQL_TRIGGER                                                  inserted
trg_EventTypes_Identify_Updated_Columns                                                                                          SQL_TRIGGER                                                  inserted
trg_FireWallProvider_Identify_Updated_Columns                                                                                    SQL_TRIGGER                                                  inserted
trg_GeneralManagers_Identify_Updated_Columns                                                                                     SQL_TRIGGER                                                  inserted
trg_PrimaryContacts_Identify_Updated_Columns                                                                                     SQL_TRIGGER                                                  inserted
trg_Store_Identify_Updated_Columns                                                                                               SQL_TRIGGER                                                  inserted
trg_StoreEvents_Identify_Updated_Columns                                                                                         SQL_TRIGGER                                                  inserted
trg_StoreSize_Identify_Updated_Columns                                                                                           SQL_TRIGGER                                                  inserted
trg_StoreTechnical_Identify_Updated_Columns                                                                                      SQL_TRIGGER                                                  inserted
sp_update_MachineDetail                                                                                                          SQL_STORED_PROCEDURE                                         MachineDetail_Temp
domo_storeinfo                                                                                                                   SQL_STORED_PROCEDURE                                         MenuType
sp_export_eSite_Customers                                                                                                        SQL_STORED_PROCEDURE                                         oloorders
sp_export_eSite_Transactions                                                                                                     SQL_STORED_PROCEDURE                                         oloorders
sp_rpt_DSP_Restaurant_Location_Coverage_Check_Report                                                                             SQL_STORED_PROCEDURE                                         oloVendors
sp_export_eSite_Transactions                                                                                                     SQL_STORED_PROCEDURE                                         OrderMode
sp_export_eSite_Sales                                                                                                            SQL_STORED_PROCEDURE                                         OrderModeFinanceClassifications
sp_export_eSite_Customers                                                                                                        SQL_STORED_PROCEDURE                                         orders
sp_export_eSite_Transactions                                                                                                     SQL_STORED_PROCEDURE                                         orders
domo_storeinfo                                                                                                                   SQL_STORED_PROCEDURE                                         ownership
new01_csi_structurefile                                                                                                          SQL_STORED_PROCEDURE                                         ownership
sp_export_eSite_Stores                                                                                                           SQL_STORED_PROCEDURE                                         OwnerShip
sp_rpt_Store_Ownership_Transfers                                                                                                 SQL_STORED_PROCEDURE                                         OwnershipTransfer
rpt_StoreTechnicalInfo                                                                                                           SQL_STORED_PROCEDURE                                         PhoneVendors
domo_storeinfo                                                                                                                   SQL_STORED_PROCEDURE                                         POSType
sp_rpt_DSP_Restaurant_Location_Coverage_Check_Report                                                                             SQL_STORED_PROCEDURE                                         PrimaryContacts
sp_rpt_DSP_Restaurant_Location_Coverage_Check_Report                                                                             SQL_STORED_PROCEDURE                                         restaurants
domo_storeinfo                                                                                                                   SQL_STORED_PROCEDURE                                         store
domo_storeinfo                                                                                                                   SQL_STORED_PROCEDURE                                         store
FN_GetAreaDirStores                                                                                                              SQL_SCALAR_FUNCTION                                          store
FN_GetCateringMgrStores                                                                                                          SQL_SCALAR_FUNCTION                                          store
FN_GetOwnerStores                                                                                                                SQL_SCALAR_FUNCTION                                          store
new01_csi_structurefile                                                                                                          SQL_STORED_PROCEDURE                                         store
new01_rpt_sp_Buxton_Stores                                                                                                       SQL_STORED_PROCEDURE                                         store
new01_rpt_sp_locations_contact_info                                                                                              SQL_STORED_PROCEDURE                                         store
new01_rpt_sp_locations_full                                                                                                      SQL_STORED_PROCEDURE                                         store
new01_rpt_sp_locations_job_positions_only                                                                                        SQL_STORED_PROCEDURE                                         store
new01_rpt_sp_Upload_For_Google                                                                                                   SQL_STORED_PROCEDURE                                         store
new01_sp_rpt_AllPay_Restaurant_info                                                                                              SQL_STORED_PROCEDURE                                         store
sp_export_eSite_Stores                                                                                                           SQL_STORED_PROCEDURE                                         Store
sp_rpt_Billing_Contacts                                                                                                          SQL_STORED_PROCEDURE                                         Store
sp_rpt_DSP_Restaurant_Location_Coverage_Check_Report                                                                             SQL_STORED_PROCEDURE                                         store
sp_rpt_Store_Ownership_Transfers                                                                                                 SQL_STORED_PROCEDURE                                         store
sp_rpt_Tattle_Locations                                                                                                          SQL_STORED_PROCEDURE                                         Store
new01_sp_Closures_merge                                                                                                          SQL_STORED_PROCEDURE                                         StoreClosure
sp_Update_StoreClosures_from_Yext                                                                                                SQL_STORED_PROCEDURE                                         StoreClosure
rpt_StoreTechnicalInfo                                                                                                           SQL_STORED_PROCEDURE                                         StoreEMV
sp_update_storegroups_and_memberships                                                                                            SQL_STORED_PROCEDURE                                         StoreGroup
sp_update_storegroups_and_memberships                                                                                            SQL_STORED_PROCEDURE                                         StoreGroup
sp_update_storegroups_and_memberships                                                                                            SQL_STORED_PROCEDURE                                         StoreGroupMembers
sp_update_storegroups_and_memberships                                                                                            SQL_STORED_PROCEDURE                                         StoreGroupMembers
new01_Last_Hourly_Poll                                                                                                           SQL_STORED_PROCEDURE                                         StoreHoursOfOperations
new01_rpt_sp_Upload_For_Google                                                                                                   SQL_STORED_PROCEDURE                                         storehoursofoperations
rpt_StoreTechnicalInfo                                                                                                           SQL_STORED_PROCEDURE                                         StoreMachineDetail
rpt_StoreTechnicalInfo                                                                                                           SQL_STORED_PROCEDURE                                         StoreMachineDetail
sp_update_MachineDetail                                                                                                          SQL_STORED_PROCEDURE                                         StoreMachineDetail
sp_update_MachineDetail                                                                                                          SQL_STORED_PROCEDURE                                         StoreMachineDetail_Temp
domo_storeinfo                                                                                                                   SQL_STORED_PROCEDURE                                         storephysical
sp_export_eSite_Stores                                                                                                           SQL_STORED_PROCEDURE                                         StorePhysical
updateStorePhysical                                                                                                              SQL_STORED_PROCEDURE                                         StorePhysical
new01_rpt_sp_locations_contact_info                                                                                              SQL_STORED_PROCEDURE                                         StorePositionsAvailable
new01_rpt_sp_locations_full                                                                                                      SQL_STORED_PROCEDURE                                         StorePositionsAvailable
new01_rpt_sp_locations_job_positions_only                                                                                        SQL_STORED_PROCEDURE                                         StorePositionsAvailable
sp_export_eSite_Customers                                                                                                        SQL_STORED_PROCEDURE                                         stores
sp_export_eSite_Transactions                                                                                                     SQL_STORED_PROCEDURE                                         stores
new01_rpt_sp_Buxton_Stores                                                                                                       SQL_STORED_PROCEDURE                                         StoreSize
sp_rpt_DSP_Restaurant_Location_Coverage_Check_Report                                                                             SQL_STORED_PROCEDURE                                         StoreSysco
domo_storeinfo                                                                                                                   SQL_STORED_PROCEDURE                                         StoreTechnical
rpt_StoreTechnicalInfo                                                                                                           SQL_STORED_PROCEDURE                                         storetechnical
rpt_StoreTechnicalInfo_AV                                                                                                        SQL_STORED_PROCEDURE                                         StoreTechnical
rpt_StoreTechnicalInfo_Network                                                                                                   SQL_STORED_PROCEDURE                                         StoreTechnical
sp_rpt_DSP_Restaurant_Location_Coverage_Check_Report                                                                             SQL_STORED_PROCEDURE                                         StoreTechnical
sp_update_CMC_SiteDetail                                                                                                         SQL_STORED_PROCEDURE                                         StoreTechnical
sp_update_CMC_SiteVersions                                                                                                       SQL_STORED_PROCEDURE                                         StoreTechnical
updateStoreTechnicalWareVersions                                                                                                 SQL_STORED_PROCEDURE                                         StoreTechnical
sp_rpt_DSP_Restaurant_Location_Coverage_Check_Report                                                                             SQL_STORED_PROCEDURE                                         SyscoMarket
sp_alterdiagram                                                                                                                  SQL_STORED_PROCEDURE                                         sysdiagrams
sp_creatediagram                                                                                                                 SQL_STORED_PROCEDURE                                         sysdiagrams
sp_dropdiagram                                                                                                                   SQL_STORED_PROCEDURE                                         sysdiagrams
sp_helpdiagramdefinition                                                                                                         SQL_STORED_PROCEDURE                                         sysdiagrams
sp_helpdiagrams                                                                                                                  SQL_STORED_PROCEDURE                                         sysdiagrams
sp_renamediagram                                                                                                                 SQL_STORED_PROCEDURE                                         sysdiagrams
sp_upgraddiagrams                                                                                                                SQL_STORED_PROCEDURE                                         sysdiagrams
new01_csi_structurefile                                                                                                          SQL_STORED_PROCEDURE                                         system
sp_export_eSite_Stores                                                                                                           SQL_STORED_PROCEDURE                                         tbl_salesdatabydaypart
domo_storeinfo                                                                                                                   SQL_STORED_PROCEDURE                                         TimeZones
rpt_StoreTechnicalInfo                                                                                                           SQL_STORED_PROCEDURE                                         TimeZones
FN_GetInitials                                                                                                                   SQL_SCALAR_FUNCTION                                          value
domo_storeinfo                                                                                                                   SQL_STORED_PROCEDURE                                         Write_Procedure_Execution
new01_csi_structurefile                                                                                                          SQL_STORED_PROCEDURE                                         Write_Procedure_Execution
new01_Last_Hourly_Poll                                                                                                           SQL_STORED_PROCEDURE                                         Write_Procedure_Execution
new01_rpt_sp_Buxton_Stores                                                                                                       SQL_STORED_PROCEDURE                                         Write_Procedure_Execution
new01_rpt_sp_locations_contact_info                                                                                              SQL_STORED_PROCEDURE                                         Write_Procedure_Execution
new01_rpt_sp_locations_delivery_partners_by_store                                                                                SQL_STORED_PROCEDURE                                         Write_Procedure_Execution
new01_rpt_sp_locations_full                                                                                                      SQL_STORED_PROCEDURE                                         Write_Procedure_Execution
new01_rpt_sp_locations_job_positions_only                                                                                        SQL_STORED_PROCEDURE                                         Write_Procedure_Execution
new01_rpt_sp_Upload_For_Google                                                                                                   SQL_STORED_PROCEDURE                                         Write_Procedure_Execution
new01_sp_rpt_AllPay_Restaurant_info                                                                                              SQL_STORED_PROCEDURE                                         Write_Procedure_Execution
rpt_StoreTechnicalInfo                                                                                                           SQL_STORED_PROCEDURE                                         Write_Procedure_Execution
rpt_StoreTechnicalInfo_AV                                                                                                        SQL_STORED_PROCEDURE                                         Write_Procedure_Execution
rpt_StoreTechnicalInfo_Network                                                                                                   SQL_STORED_PROCEDURE                                         Write_Procedure_Execution
sp_export_eSite_Customers                                                                                                        SQL_STORED_PROCEDURE                                         Write_Procedure_Execution
sp_export_eSite_Sales                                                                                                            SQL_STORED_PROCEDURE                                         Write_Procedure_Execution
sp_export_eSite_Stores                                                                                                           SQL_STORED_PROCEDURE                                         Write_Procedure_Execution
sp_export_eSite_Transactions                                                                                                     SQL_STORED_PROCEDURE                                         Write_Procedure_Execution
sp_rpt_Billing_Contacts                                                                                                          SQL_STORED_PROCEDURE                                         Write_Procedure_Execution
sp_rpt_DSP_Restaurant_Location_Coverage_Check_Report                                                                             SQL_STORED_PROCEDURE                                         Write_Procedure_Execution
sp_rpt_FZ_Contact_by_FZ_Company                                                                                                  SQL_STORED_PROCEDURE                                         Write_Procedure_Execution
sp_rpt_Restaurant_Open_Date_and_Comping_Date                                                                                     SQL_STORED_PROCEDURE                                         Write_Procedure_Execution
sp_rpt_Store_Ownership_Transfers                                                                                                 SQL_STORED_PROCEDURE                                         Write_Procedure_Execution
sp_rpt_table_data_change_log                                                                                                     SQL_STORED_PROCEDURE                                         Write_Procedure_Execution
sp_rpt_Tattle_Groups                                                                                                             SQL_STORED_PROCEDURE                                         Write_Procedure_Execution
sp_rpt_Tattle_Locations                                                                                                          SQL_STORED_PROCEDURE                                         Write_Procedure_Execution
sp_rpt_Tattle_Team_Members                                                                                                       SQL_STORED_PROCEDURE                                         Write_Procedure_Execution
sp_update_CMC_SiteDetail                                                                                                         SQL_STORED_PROCEDURE                                         Write_Procedure_Execution
sp_update_CMC_SiteVersions                                                                                                       SQL_STORED_PROCEDURE                                         Write_Procedure_Execution
sp_update_MachineDetail                                                                                                          SQL_STORED_PROCEDURE                                         Write_Procedure_Execution
sp_Update_StoreClosures_from_Yext                                                                                                SQL_STORED_PROCEDURE                                         Write_Procedure_Execution
sp_update_storegroups_and_memberships                                                                                            SQL_STORED_PROCEDURE                                         Write_Procedure_Execution
updateCateringBudget                                                                                                             SQL_STORED_PROCEDURE                                         Write_Procedure_Execution
updateCateringGoals                                                                                                              SQL_STORED_PROCEDURE                                         Write_Procedure_Execution
updateStorePhysical                                                                                                              SQL_STORED_PROCEDURE                                         Write_Procedure_Execution
updateStoreTechnicalWareVersions                                                                                                 SQL_STORED_PROCEDURE                                         Write_Procedure_Execution
sp_Update_StoreClosures_from_Yext                                                                                                SQL_STORED_PROCEDURE                                         YextLocations

(231 rows affected)


Completion time: 2026-03-25T13:53:35.1204303-05:00
