referencing_object                                                                                                               object_type                                                  referenced_entity
-------------------------------------------------------------------------------------------------------------------------------- ------------------------------------------------------------ --------------------------------------------------------------------------------------------------------------------------------
sp_php_Check_Actual_Costs                                                                                                        SQL_STORED_PROCEDURE                                         actualcosts
sp_update_ActualCosts                                                                                                            SQL_STORED_PROCEDURE                                         ActualCosts
sp_update_ActualCosts                                                                                                            SQL_STORED_PROCEDURE                                         ActualCosts_temp
Budget_Worksheet_Balance_Sheet                                                                                                   SQL_STORED_PROCEDURE                                         ActualCostsByGLCode
Budget_Worksheet_COGS_Tabs                                                                                                       SQL_STORED_PROCEDURE                                         ActualCostsByGLCode
sp_update_ActualCostsByGLCode                                                                                                    SQL_STORED_PROCEDURE                                         ActualCostsByGLCode
sp_update_ActualCostsByGLCode                                                                                                    SQL_STORED_PROCEDURE                                         ActualCostsByGLCode_Temp
sp_update_ActualCostsByGLCode                                                                                                    SQL_STORED_PROCEDURE                                         ActualCostsByGLCode_Temp
Budget_Worksheet_Balance_Sheet                                                                                                   SQL_STORED_PROCEDURE                                         BudgetByGL
Budget_Worksheet_Balance_Sheet                                                                                                   SQL_STORED_PROCEDURE                                         CalendarV2
Budget_Worksheet_COGS_Tabs                                                                                                       SQL_STORED_PROCEDURE                                         CalendarV2
Budget_Worksheet_Period_Setup                                                                                                    SQL_STORED_PROCEDURE                                         CalendarV2
sp_rpt_Franks_COGS_Report                                                                                                        SQL_STORED_PROCEDURE                                         CalendarV2
sp_update_ActualCostsByGLCode                                                                                                    SQL_STORED_PROCEDURE                                         calendarv2
sp_update_COGSByProduct                                                                                                          SQL_STORED_PROCEDURE                                         calendarv2
Budget_Worksheet_Period_Setup                                                                                                    SQL_STORED_PROCEDURE                                         Category
sp_DOMO_COGSByProduct                                                                                                            SQL_STORED_PROCEDURE                                         COGSByProduct
sp_rpt_AvT_By_Product_by_Week                                                                                                    SQL_STORED_PROCEDURE                                         COGSByProduct
sp_rpt_Franks_COGS_Report                                                                                                        SQL_STORED_PROCEDURE                                         cogsbyproduct
sp_update_COGSByProduct                                                                                                          SQL_STORED_PROCEDURE                                         COGSByProduct
sp_update_COGSByProduct                                                                                                          SQL_STORED_PROCEDURE                                         cogsbyproduct
sp_update_COGSByProduct                                                                                                          SQL_STORED_PROCEDURE                                         COGSByProduct_Temp
sp_php_get_base_list_of_disocunts                                                                                                SQL_STORED_PROCEDURE                                         Comp
sp_php_get_current_gl_discount_mapping_by_gl_acct                                                                                SQL_STORED_PROCEDURE                                         Comp
sp_php_get_discount_list                                                                                                         SQL_STORED_PROCEDURE                                         Comp
vw_comps                                                                                                                         VIEW                                                         comp
vw_discounts                                                                                                                     VIEW                                                         Comp
Budget_Worksheet_Balance_Sheet                                                                                                   SQL_STORED_PROCEDURE                                         Comparison
sp_php_Check_AD_Keyed_Comparison_Data                                                                                            SQL_STORED_PROCEDURE                                         comparison
updateOpsComparison                                                                                                              SQL_STORED_PROCEDURE                                         Comparison
sp_export_CT_Recipe_090_file                                                                                                     SQL_STORED_PROCEDURE                                         DelimitedSplit8k
sp_php_get_current_gl_discount_mapping_by_gl_acct                                                                                SQL_STORED_PROCEDURE                                         DiscountGLmapping
sp_php_get_base_list_of_disocunts                                                                                                SQL_STORED_PROCEDURE                                         DiscountInfo
sp_php_get_current_gl_discount_mapping_by_gl_acct                                                                                SQL_STORED_PROCEDURE                                         DiscountInfo
sp_php_get_discount_list                                                                                                         SQL_STORED_PROCEDURE                                         DiscountInfo
vw_discounts                                                                                                                     VIEW                                                         DiscountInfo
Budget_Worksheet_Balance_Sheet                                                                                                   SQL_STORED_PROCEDURE                                         dpvHstSalesSummary
Budget_Worksheet_COGS_Tabs                                                                                                       SQL_STORED_PROCEDURE                                         dpvHstSalesSummary
Budget_Worksheet_Period_Setup                                                                                                    SQL_STORED_PROCEDURE                                         dpvHstSalesSummary
Budget_Worksheet_Balance_Sheet                                                                                                   SQL_STORED_PROCEDURE                                         dpvHstSalesTotals
Budget_Worksheet_Period_Setup                                                                                                    SQL_STORED_PROCEDURE                                         dpvHstSalesTotals
Budget_Worksheet_Balance_Sheet                                                                                                   SQL_STORED_PROCEDURE                                         dpvHstShift
Budget_Worksheet_Period_Setup                                                                                                    SQL_STORED_PROCEDURE                                         dpvHstShift
sp_upgraddiagrams                                                                                                                SQL_STORED_PROCEDURE                                         dtproperties
Budget_Worksheet_Balance_Sheet                                                                                                   SQL_STORED_PROCEDURE                                         FN_GL_ManagerMeals_Discounts
Budget_Worksheet_Balance_Sheet                                                                                                   SQL_STORED_PROCEDURE                                         get_storesIncluded
Budget_Worksheet_COGS_Tabs                                                                                                       SQL_STORED_PROCEDURE                                         get_storesIncluded
Budget_Worksheet_Period_Setup                                                                                                    SQL_STORED_PROCEDURE                                         get_storesIncluded
sp_php_Check_Actual_Costs                                                                                                        SQL_STORED_PROCEDURE                                         get_StoresIncluded
sp_php_Check_AD_Keyed_Comparison_Data                                                                                            SQL_STORED_PROCEDURE                                         get_StoresIncluded
sp_rpt_AvT_By_Product_by_Week                                                                                                    SQL_STORED_PROCEDURE                                         get_StoresIncluded
sp_rpt_Franks_COGS_Report                                                                                                        SQL_STORED_PROCEDURE                                         get_StoresIncluded
Budget_Worksheet_Balance_Sheet                                                                                                   SQL_STORED_PROCEDURE                                         glacct
Budget_Worksheet_COGS_Tabs                                                                                                       SQL_STORED_PROCEDURE                                         GLAcct
sp_php_get_current_gl_discount_mapping_by_gl_acct                                                                                SQL_STORED_PROCEDURE                                         GLDiscLineInfo
sp_update_GrossProfitByItem                                                                                                      SQL_STORED_PROCEDURE                                         GrossProfitByItem
sp_update_GrossProfitByItem                                                                                                      SQL_STORED_PROCEDURE                                         GrossProfitByItem_Temp
sp_php_get_base_list_of_disocunts                                                                                                SQL_STORED_PROCEDURE                                         PHPDiscountInfo
sp_php_get_base_list_of_disocunts                                                                                                SQL_STORED_PROCEDURE                                         Promotion
sp_php_get_current_gl_discount_mapping_by_gl_acct                                                                                SQL_STORED_PROCEDURE                                         Promotion
sp_php_get_discount_list                                                                                                         SQL_STORED_PROCEDURE                                         Promotion
vw_discounts                                                                                                                     VIEW                                                         Promotion
vw_Promotions                                                                                                                    VIEW                                                         Promotion
sp_export_CT_Recipe_090_file                                                                                                     SQL_STORED_PROCEDURE                                         RecipeComponents
sp_export_CT_Recipe_090_file                                                                                                     SQL_STORED_PROCEDURE                                         RecipeHeaders
sp_alterdiagram                                                                                                                  SQL_STORED_PROCEDURE                                         sysdiagrams
sp_creatediagram                                                                                                                 SQL_STORED_PROCEDURE                                         sysdiagrams
sp_dropdiagram                                                                                                                   SQL_STORED_PROCEDURE                                         sysdiagrams
sp_helpdiagramdefinition                                                                                                         SQL_STORED_PROCEDURE                                         sysdiagrams
sp_helpdiagrams                                                                                                                  SQL_STORED_PROCEDURE                                         sysdiagrams
sp_renamediagram                                                                                                                 SQL_STORED_PROCEDURE                                         sysdiagrams
sp_upgraddiagrams                                                                                                                SQL_STORED_PROCEDURE                                         sysdiagrams
sp_rpt_Franks_COGS_Report                                                                                                        SQL_STORED_PROCEDURE                                         tbl_SalesDataByDayPart
Budget_Worksheet_Balance_Sheet                                                                                                   SQL_STORED_PROCEDURE                                         Write_Procedure_Execution
Budget_Worksheet_COGS_Tabs                                                                                                       SQL_STORED_PROCEDURE                                         Write_Procedure_Execution
Budget_Worksheet_Period_Setup                                                                                                    SQL_STORED_PROCEDURE                                         Write_Procedure_Execution
sp_DOMO_COGSByProduct                                                                                                            SQL_STORED_PROCEDURE                                         Write_Procedure_Execution
sp_export_CT_Recipe_090_file                                                                                                     SQL_STORED_PROCEDURE                                         Write_Procedure_Execution
sp_php_Check_Actual_Costs                                                                                                        SQL_STORED_PROCEDURE                                         Write_Procedure_Execution
sp_php_Check_AD_Keyed_Comparison_Data                                                                                            SQL_STORED_PROCEDURE                                         Write_Procedure_Execution
sp_php_get_current_gl_discount_mapping_by_gl_acct                                                                                SQL_STORED_PROCEDURE                                         Write_Procedure_Execution
sp_php_get_discount_list                                                                                                         SQL_STORED_PROCEDURE                                         Write_Procedure_Execution
sp_rpt_AvT_By_Product_by_Week                                                                                                    SQL_STORED_PROCEDURE                                         Write_Procedure_Execution
sp_rpt_Franks_COGS_Report                                                                                                        SQL_STORED_PROCEDURE                                         Write_Procedure_Execution
sp_update_ActualCosts                                                                                                            SQL_STORED_PROCEDURE                                         Write_Procedure_Execution
sp_update_ActualCostsByGLCode                                                                                                    SQL_STORED_PROCEDURE                                         Write_Procedure_Execution
sp_update_COGSByProduct                                                                                                          SQL_STORED_PROCEDURE                                         Write_Procedure_Execution
sp_update_GrossProfitByItem                                                                                                      SQL_STORED_PROCEDURE                                         Write_Procedure_Execution

(88 rows affected)


Completion time: 2026-03-25T13:54:43.4600208-05:00
