TableName                                                                                                                        ConstraintName                                                                                                                   ConstraintType Columns
-------------------------------------------------------------------------------------------------------------------------------- -------------------------------------------------------------------------------------------------------------------------------- -------------- ----------------------------------------------------------------------------------------------------------------------------------------------------------------------------------------------------------------------------------------------------------------
sysdiagrams                                                                                                                      UK_principal_name                                                                                                                UNIQUE         name, principal_id

(1 row affected)

TableName                                                                                                                        ColumnName                                                                                                                       DefaultName                                                                                                                      DefaultValue
-------------------------------------------------------------------------------------------------------------------------------- -------------------------------------------------------------------------------------------------------------------------------- -------------------------------------------------------------------------------------------------------------------------------- ----------------------------------------------------------------------------------------------------------------------------------------------------------------------------------------------------------------------------------------------------------------
AuditDataChanges                                                                                                                 ChangeDate                                                                                                                       DF_AuditDataChanges_ChangeDate                                                                                                   (getdate())
BudgetedPCT                                                                                                                      LastUpdated                                                                                                                      DF_BudgetedPCT_LastUpdated                                                                                                       (getdate())
ChangeLog                                                                                                                        EventDate                                                                                                                        DF_EventsLog_EventDate                                                                                                           (getdate())
Comparison                                                                                                                       LastUpdated                                                                                                                      DF_Comparison_LastUpdated                                                                                                        (getdate())
DiscountGLmapping                                                                                                                LastEdited                                                                                                                       DF_DiscountGLmapping_LastEdited                                                                                                  (getdate())
DiscountGLmapping                                                                                                                LastEditedBy                                                                                                                     DF_DiscountGLmapping_LastEditedBy                                                                                                ('Don Wilson')
DiscountInfo                                                                                                                     LastEdited                                                                                                                       DF_DiscountInfo_LastEdited                                                                                                       (getdate())
DiscountInfo                                                                                                                     LastEditedBy                                                                                                                     DF_DiscountInfo_LastEditedBy                                                                                                     ('Don Wilson')
GLDiscLineInfo                                                                                                                   LastEdited                                                                                                                       DF_GLDiscLineInfo_LastEdited                                                                                                     (getdate())

(9 rows affected)

UserName                                                                                                                         UserType                                                     DefaultSchema                                                                                                                    Roles
-------------------------------------------------------------------------------------------------------------------------------- ------------------------------------------------------------ -------------------------------------------------------------------------------------------------------------------------------- ----------------------------------------------------------------------------------------------------------------------------------------------------------------------------------------------------------------------------------------------------------------
akarveller                                                                                                                       SQL_USER                                                     dbo                                                                                                                              NULL
BUILTIN\Administrators                                                                                                           WINDOWS_GROUP                                                NULL                                                                                                                             db_owner
contacts_user                                                                                                                    SQL_USER                                                     dbo                                                                                                                              db_datareader, db_datawriter
kaylesworth                                                                                                                      SQL_USER                                                     dbo                                                                                                                              db_owner, db_accessadmin, db_securityadmin, db_ddladmin, db_backupoperator, db_datareader, db_datawriter, db_denydatareader, db_denydatawriter
NFC\dwilson                                                                                                                      WINDOWS_USER                                                 dbo                                                                                                                              db_owner
NFC\kaylesworth                                                                                                                  WINDOWS_USER                                                 dbo                                                                                                                              db_datareader, db_datawriter
NFC\Reports Users                                                                                                                WINDOWS_GROUP                                                NULL                                                                                                                             db_datareader
NFC\Reports Users-Elevated                                                                                                       WINDOWS_GROUP                                                NULL                                                                                                                             db_datareader
NT SERVICE\ReportServer                                                                                                          WINDOWS_USER                                                 dbo                                                                                                                              db_datareader
NT SERVICE\SQLServerReportingServices                                                                                            WINDOWS_USER                                                 dbo                                                                                                                              db_datareader
reports                                                                                                                          SQL_USER                                                     dbo                                                                                                                              db_datareader, db_datawriter

(11 rows affected)


Completion time: 2026-03-25T11:41:25.9486856-05:00
