TableName                                                                                                                        ConstraintName                                                                                                                   ConstraintType Columns
-------------------------------------------------------------------------------------------------------------------------------- -------------------------------------------------------------------------------------------------------------------------------- -------------- ----------------------------------------------------------------------------------------------------------------------------------------------------------------------------------------------------------------------------------------------------------------

(0 rows affected)

TableName                                                                                                                        ColumnName                                                                                                                       DefaultName                                                                                                                      DefaultValue
-------------------------------------------------------------------------------------------------------------------------------- -------------------------------------------------------------------------------------------------------------------------------- -------------------------------------------------------------------------------------------------------------------------------- ----------------------------------------------------------------------------------------------------------------------------------------------------------------------------------------------------------------------------------------------------------------
AuditDataChanges                                                                                                                 ChangeDate                                                                                                                       DF_AuditDataChanges_ChangeDate                                                                                                   (getdate())
CategoryRanges                                                                                                                   LastUpdated                                                                                                                      DF_CategoryRanges_LastUpdated                                                                                                    (getdate())
ChangeLog                                                                                                                        EventDate                                                                                                                        DF_EventsLog_EventDate                                                                                                           (getdate())
CompRanges                                                                                                                       LastUpdated                                                                                                                      DF_CompRanges_LastUpdated                                                                                                        (getdate())
ContentPlanRanges                                                                                                                LastUpdated                                                                                                                      DF_ContentPlanRanges_LastUpdated                                                                                                 (getdate())
ItemRanges                                                                                                                       LastUpdated                                                                                                                      DF_ItemRanges_LastUpdated                                                                                                        (getdate())
ItemRanges                                                                                                                       LastUpdatedBy                                                                                                                    DF_ItemRanges_LastUpdatedBy                                                                                                      ('mass_import')
MediaFileRanges                                                                                                                  LastUpdated                                                                                                                      DF_MediaFileRanges_LastUpdated                                                                                                   (getdate())
ModRanges                                                                                                                        LastUpdated                                                                                                                      DF_ModRanges_LastUpdated                                                                                                         (getdate())
OMRanges                                                                                                                         LastUpdated                                                                                                                      DF_OMRanges_LastUpdated                                                                                                          (getdate())
OrderModeFinanceClassifications                                                                                                  LastUpdated                                                                                                                      DF_Store_LastUpdated                                                                                                             (getdate())
PromoRanges                                                                                                                      LastUpdated                                                                                                                      DF_PromoRanges_LastUpdated                                                                                                       (getdate())
tbl_LaborDataByDayPart                                                                                                           LastUpdated                                                                                                                      DF_tbl_LaborDataByDayPart_LastUpdated                                                                                            (getdate())
tbl_SalesDataByDayPart                                                                                                           LastUpdated                                                                                                                      DF_tbl_SalesDataByDayPart_LastUpdated                                                                                            (getdate())
TenderRanges                                                                                                                     LastUpdated                                                                                                                      DF_TenderRanges_LastUpdated                                                                                                      (getdate())

(15 rows affected)

UserName                                                                                                                         UserType                                                     DefaultSchema                                                                                                                    Roles
-------------------------------------------------------------------------------------------------------------------------------- ------------------------------------------------------------ -------------------------------------------------------------------------------------------------------------------------------- ----------------------------------------------------------------------------------------------------------------------------------------------------------------------------------------------------------------------------------------------------------------
akarveller                                                                                                                       SQL_USER                                                     dbo                                                                                                                              NULL
BUILTIN\Administrators                                                                                                           WINDOWS_GROUP                                                NULL                                                                                                                             db_owner
contacts_user                                                                                                                    SQL_USER                                                     dbo                                                                                                                              db_datareader, db_datawriter
kaylesworth                                                                                                                      SQL_USER                                                     dbo                                                                                                                              db_owner, db_accessadmin, db_securityadmin, db_ddladmin, db_backupoperator, db_datareader, db_datawriter, db_denydatareader, db_denydatawriter
NFC\Domain Users                                                                                                                 WINDOWS_GROUP                                                NULL                                                                                                                             db_datawriter
NFC\dwilson                                                                                                                      WINDOWS_USER                                                 dbo                                                                                                                              db_owner
NFC\kaylesworth                                                                                                                  WINDOWS_USER                                                 dbo                                                                                                                              db_datareader, db_datawriter
NFC\mjones                                                                                                                       WINDOWS_USER                                                 dbo                                                                                                                              db_datareader
NFC\Reports Users                                                                                                                WINDOWS_GROUP                                                NULL                                                                                                                             db_datareader
NFC\Reports Users-Elevated                                                                                                       WINDOWS_GROUP                                                NULL                                                                                                                             db_datareader
NFC\tcroxton                                                                                                                     WINDOWS_USER                                                 dbo                                                                                                                              db_datareader
NT SERVICE\ReportServer                                                                                                          WINDOWS_USER                                                 dbo                                                                                                                              db_datareader
NT SERVICE\SQLServerReportingServices                                                                                            WINDOWS_USER                                                 dbo                                                                                                                              db_datareader
reports                                                                                                                          SQL_USER                                                     dbo                                                                                                                              db_datareader, db_datawriter

(14 rows affected)


Completion time: 2026-03-25T11:39:05.1209101-05:00
