TableName                                                                                                                        ConstraintName                                                                                                                   ConstraintType Columns
-------------------------------------------------------------------------------------------------------------------------------- -------------------------------------------------------------------------------------------------------------------------------- -------------- ----------------------------------------------------------------------------------------------------------------------------------------------------------------------------------------------------------------------------------------------------------------
sysdiagrams                                                                                                                      UK_principal_name                                                                                                                UNIQUE         name, principal_id

(1 row affected)

TableName                                                                                                                        ColumnName                                                                                                                       DefaultName                                                                                                                      DefaultValue
-------------------------------------------------------------------------------------------------------------------------------- -------------------------------------------------------------------------------------------------------------------------------- -------------------------------------------------------------------------------------------------------------------------------- ----------------------------------------------------------------------------------------------------------------------------------------------------------------------------------------------------------------------------------------------------------------
AuditDataChanges                                                                                                                 ChangeDate                                                                                                                       DF_AuditDataChanges_ChangeDate                                                                                                   (getdate())
ChangeLog                                                                                                                        EventDate                                                                                                                        DF_EventsLog_EventDate                                                                                                           (getdate())
Kiosk_OLO_HandOff_Temp                                                                                                           LastUpdated                                                                                                                      DF_Kiosk_OLO_HandOff_Temp_LastUpdated                                                                                            (getdate())
Kiosk_OLO_Menu_Temp                                                                                                              LastUpdated                                                                                                                      DF_Kiosk_OLO_Menu_Temp_LastUpdated                                                                                               (getdate())
OLO_HandOff_Temp                                                                                                                 LastUpdated                                                                                                                      DF_Table_1_LastUpdated                                                                                                           (getdate())
OLO_Hours_Overrides                                                                                                              LastUpdated                                                                                                                      DF_OLO_Hours_Overrides_LastUpdated                                                                                               (getdate())
OLO_Menu_Temp                                                                                                                    LastUpdated                                                                                                                      DF_OLO_Menu_Temp_LastUpdated                                                                                                     (getdate())
OLO_Vendor_Hours                                                                                                                 LastUpdated                                                                                                                      DF_OLO_Vendor_Hours_LastUpdated                                                                                                  (getdate())
OLO_Vendor_Hours                                                                                                                 LastUpdatedBy                                                                                                                    DF_OLO_Vendor_Hours_LastUpdatedBy                                                                                                ('api')

(9 rows affected)

UserName                                                                                                                         UserType                                                     DefaultSchema                                                                                                                    Roles
-------------------------------------------------------------------------------------------------------------------------------- ------------------------------------------------------------ -------------------------------------------------------------------------------------------------------------------------------- ----------------------------------------------------------------------------------------------------------------------------------------------------------------------------------------------------------------------------------------------------------------
akarveller                                                                                                                       SQL_USER                                                     dbo                                                                                                                              NULL
BUILTIN\Administrators                                                                                                           WINDOWS_GROUP                                                NULL                                                                                                                             NULL
kaylesworth                                                                                                                      SQL_USER                                                     dbo                                                                                                                              db_owner, db_accessadmin, db_securityadmin, db_ddladmin, db_backupoperator, db_datareader, db_datawriter, db_denydatareader, db_denydatawriter
NFC\dwilson                                                                                                                      WINDOWS_USER                                                 dbo                                                                                                                              db_owner
NFC\kaylesworth                                                                                                                  WINDOWS_USER                                                 dbo                                                                                                                              db_datareader, db_datawriter
reports                                                                                                                          SQL_USER                                                     dbo                                                                                                                              db_datareader, db_datawriter

(6 rows affected)


Completion time: 2026-03-25T11:40:52.2901874-05:00
