TableName                                                                                                                        ConstraintName                                                                                                                   ConstraintType Columns
-------------------------------------------------------------------------------------------------------------------------------- -------------------------------------------------------------------------------------------------------------------------------- -------------- ----------------------------------------------------------------------------------------------------------------------------------------------------------------------------------------------------------------------------------------------------------------
ChunkSegmentMapping                                                                                                              Positive_ActualByteCount                                                                                                         CHECK          ActualByteCount
ChunkSegmentMapping                                                                                                              Positive_LogicalByteCount                                                                                                        CHECK          LogicalByteCount
ChunkSegmentMapping                                                                                                              Positive_StartByte                                                                                                               CHECK          StartByte
DataSource                                                                                                                       UQ__DataSour__F19B4C9D5FBC6767                                                                                                   UNIQUE         DSIDNum
ProductInfoHistory                                                                                                               IX_ProductInfoHistory_DateTime                                                                                                   UNIQUE         DateTime
Schedule                                                                                                                         IX_Schedule                                                                                                                      UNIQUE         Name, Path

(6 rows affected)

TableName                                                                                                                        ColumnName                                                                                                                       DefaultName                                                                                                                      DefaultValue
-------------------------------------------------------------------------------------------------------------------------------- -------------------------------------------------------------------------------------------------------------------------------- -------------------------------------------------------------------------------------------------------------------------------- ----------------------------------------------------------------------------------------------------------------------------------------------------------------------------------------------------------------------------------------------------------------
DataModelDataSource                                                                                                              CreatedDate                                                                                                                      DF__DataModel__Creat__481BA567                                                                                                   (getdate())
DataModelDataSource                                                                                                              DataSourceID                                                                                                                     DF__DataModel__DataS__4A03EDD9                                                                                                   (newsequentialid())
DataModelDataSource                                                                                                              ModifiedDate                                                                                                                     DF__DataModel__Modif__490FC9A0                                                                                                   (getdate())
DBUpgradeHistory                                                                                                                 DateTime                                                                                                                         DF__DBUpgrade__DateT__147C05D0                                                                                                   (getdate())
DBUpgradeHistory                                                                                                                 User                                                                                                                             DF__DBUpgradeH__User__1387E197                                                                                                   (suser_sname())
Notifications                                                                                                                    ReportZone                                                                                                                       DF__Notificat__Repor__1758727B                                                                                                   ((0))
ProductInfoHistory                                                                                                               DateTime                                                                                                                         DF__ProductIn__DateT__3BB5CE82                                                                                                   (getdate())
SecData                                                                                                                          NtSecDescState                                                                                                                   DF_SecData_NtSecDescState                                                                                                        ((0))
Segment                                                                                                                          SegmentId                                                                                                                        DF_Segment_SegmentId                                                                                                             (newsequentialid())
SegmentedChunk                                                                                                                   ChunkId                                                                                                                          DF_SegmentedChunk_ChunkId                                                                                                        (newsequentialid())
ServerUpgradeHistory                                                                                                             DateTime                                                                                                                         DF__ServerUpg__DateT__1FEDB87C                                                                                                   (getdate())
ServerUpgradeHistory                                                                                                             User                                                                                                                             DF__ServerUpgr__User__1EF99443                                                                                                   (suser_sname())
Subscriptions                                                                                                                    ReportZone                                                                                                                       DF__Subscript__Repor__16644E42                                                                                                   ((0))

(13 rows affected)

UserName                                                                                                                         UserType                                                     DefaultSchema                                                                                                                    Roles
-------------------------------------------------------------------------------------------------------------------------------- ------------------------------------------------------------ -------------------------------------------------------------------------------------------------------------------------------- ----------------------------------------------------------------------------------------------------------------------------------------------------------------------------------------------------------------------------------------------------------------
akarveller                                                                                                                       SQL_USER                                                     dbo                                                                                                                              NULL
BUILTIN\Administrators                                                                                                           WINDOWS_GROUP                                                NULL                                                                                                                             RSExecRole, db_owner
kaylesworth                                                                                                                      SQL_USER                                                     dbo                                                                                                                              RSExecRole, db_owner, db_accessadmin, db_securityadmin, db_ddladmin, db_backupoperator, db_datareader, db_datawriter, db_denydatareader, db_denydatawriter
NFC\Domain Users                                                                                                                 WINDOWS_GROUP                                                NULL                                                                                                                             RSExecRole
NFC\dwilson                                                                                                                      WINDOWS_USER                                                 dbo                                                                                                                              RSExecRole, db_owner
NFC\ferro                                                                                                                        WINDOWS_USER                                                 dbo                                                                                                                              RSExecRole, db_owner, db_datareader
NFC\kaylesworth                                                                                                                  WINDOWS_USER                                                 NFC\kaylesworth                                                                                                                  RSExecRole
NFC\mjones                                                                                                                       WINDOWS_USER                                                 dbo                                                                                                                              RSExecRole, db_datareader
NFC\Reports Users                                                                                                                WINDOWS_GROUP                                                NULL                                                                                                                             RSExecRole, db_datareader
NFC\Reports Users-Elevated                                                                                                       WINDOWS_GROUP                                                NULL                                                                                                                             db_datareader
NFC\tcroxton                                                                                                                     WINDOWS_USER                                                 dbo                                                                                                                              RSExecRole, db_datareader
NFC\tking                                                                                                                        WINDOWS_USER                                                 dbo                                                                                                                              RSExecRole, db_datareader
NT SERVICE\ReportServer                                                                                                          WINDOWS_USER                                                 NT SERVICE\ReportServer                                                                                                          RSExecRole
NT SERVICE\SQLServerReportingServices                                                                                            WINDOWS_USER                                                 NT SERVICE\SQLServerReportingServices                                                                                            RSExecRole
reports                                                                                                                          SQL_USER                                                     dbo                                                                                                                              db_datareader, db_datawriter

(15 rows affected)


Completion time: 2026-03-25T11:39:21.0391685-05:00
