TableName                                                                                                                        ConstraintName                                                                                                                   ConstraintType Columns
-------------------------------------------------------------------------------------------------------------------------------- -------------------------------------------------------------------------------------------------------------------------------- -------------- ----------------------------------------------------------------------------------------------------------------------------------------------------------------------------------------------------------------------------------------------------------------
sysdiagrams                                                                                                                      UK_principal_name                                                                                                                UNIQUE         name, principal_id

(1 row affected)

TableName                                                                                                                        ColumnName                                                                                                                       DefaultName                                                                                                                      DefaultValue
-------------------------------------------------------------------------------------------------------------------------------- -------------------------------------------------------------------------------------------------------------------------------- -------------------------------------------------------------------------------------------------------------------------------- ----------------------------------------------------------------------------------------------------------------------------------------------------------------------------------------------------------------------------------------------------------------
AreaDir                                                                                                                          LastUpdated                                                                                                                      DF_AreaDir_LastUpdated                                                                                                           (getdate())
AuditDataChanges                                                                                                                 ChangeDate                                                                                                                       DF_AuditDataChanges_ChangeDate                                                                                                   (getdate())
AVSoftwareTypes                                                                                                                  LastUpdated                                                                                                                      DF_AVSoftwareTypes_LastUpdated                                                                                                   (getdate())
AVSoftwareTypes                                                                                                                  LastUpdatedBy                                                                                                                    DF_AVSoftwareTypes_LastUpdatedBy                                                                                                 ('Don Wilson via TSQL')
BillingContacts                                                                                                                  LastUpdated                                                                                                                      DF_BillingContacts_LastUpdated                                                                                                   (getdate())
CateringBudgeted                                                                                                                 LastUpdated                                                                                                                      DF_CateringBudgeted_LastUpdated                                                                                                  (getdate())
CateringGoals                                                                                                                    LastUpdated                                                                                                                      DF_CateringGoals_LastUpdated                                                                                                     (getdate())
CateringMgr                                                                                                                      LastUpdated                                                                                                                      DF_CateringMgr_LastUpdated                                                                                                       (getdate())
CCProcessors                                                                                                                     LastUpdated                                                                                                                      DF_CCProcessors_LastUpdated                                                                                                      (getdate())
CCProcessors                                                                                                                     LastUpdatedBy                                                                                                                    DF_CCProcessors_LastUpdatedBy                                                                                                    ('TSQL')
Company                                                                                                                          CompanyIsClosed                                                                                                                  DF_Company_CompanyIsClosed                                                                                                       ((0))
Company                                                                                                                          LastEdited                                                                                                                       DF_Company_LastEdited                                                                                                            (getdate())
DeliveryPartners                                                                                                                 LastUpdated                                                                                                                      DF_DeliveryPartners_LastUpdated                                                                                                  (getdate())
DeliveryPartnersByStore                                                                                                          LastEdited                                                                                                                       DF_DeliveryPartnersByStore_LastEdited                                                                                            (getdate())
DMA                                                                                                                              LastUpdated                                                                                                                      DF_DMA_LastUpdated                                                                                                               (getdate())
EditsToStoreTechnical                                                                                                            OtherAVSoftware                                                                                                                  DF_EditsToStoreTechnical_OtherAVSoftware                                                                                         ('')
EventTypes                                                                                                                       LastUpdated                                                                                                                      DF_EventTypes_LastUpdated                                                                                                        (getdate())
FBC                                                                                                                              LastUpdated                                                                                                                      DF_FBC_LastUpdated                                                                                                               (getdate())
FireWallProvider                                                                                                                 LastUpdated                                                                                                                      DF_FireWallProvider_LastUpdated                                                                                                  (getdate())
FireWallProvider                                                                                                                 LastUpdatedBy                                                                                                                    DF_FireWallProvider_LastUpdatedBy                                                                                                ('TSQL')
FMM                                                                                                                              LastUpdated                                                                                                                      DF_FMM_LastUpdated                                                                                                               (getdate())
GeneralManagers                                                                                                                  LastUpdated                                                                                                                      DF_GeneralManagers_LastUpdated                                                                                                   (getdate())
HSIServiceType                                                                                                                   LastUpdated                                                                                                                      DF_HSIServiceType_LastUpdated                                                                                                    (getdate())
MenuType                                                                                                                         LastUpdated                                                                                                                      DF_MenuType_LastUpdated                                                                                                          (getdate())
MonkeyMedia                                                                                                                      LastUpdated                                                                                                                      DF_MonkeyMedia_LastUpdated                                                                                                       (getdate())
OwnerShip                                                                                                                        LastUpdated                                                                                                                      DF_OwnerShip_LastUpdated                                                                                                         (getdate())
OwnershipTransfer                                                                                                                LogDateTime                                                                                                                      DF_OwnershipTransfer_LogDateTime                                                                                                 (getdate())
PrimaryContacts                                                                                                                  LastUpdated                                                                                                                      DF_PrimaryContacts_LastUpdated                                                                                                   (getdate())
Store                                                                                                                            LastUpdated                                                                                                                      DF_Store_LastUpdated                                                                                                             (getdate())
StoreClosure                                                                                                                     LastEdited                                                                                                                       DF_StoreClosure_LastEdited                                                                                                       (getdate())
StoreEvents                                                                                                                      LogDateTime                                                                                                                      DF_StoreEvents_LogDateTime                                                                                                       (getdate())
StoreHoursOfOperations                                                                                                           LastUpdated                                                                                                                      DF_StoreHoursOfOperations_LastUpdated                                                                                            (getdate())
StoreMachineDetail                                                                                                               ImportDate                                                                                                                       DF_StoreMachineDetail_ImportDate                                                                                                 (getdate())
StoreMachineDetail_Temp                                                                                                          ImportDate                                                                                                                       DF_StoreMachineDetail_Temp_ImportDate                                                                                            (getdate())
StorePhysical                                                                                                                    DriveThru                                                                                                                        DF_StorePhysical_DriveThru                                                                                                       ('No')
StorePhysical                                                                                                                    LastEdited                                                                                                                       DF_StorePhysical_LastEdited                                                                                                      (getdate())
StorePositionsAvailable                                                                                                          LastUpdated                                                                                                                      DF_StorePositionsAvailable_LastUpdated                                                                                           (getdate())
StoreSize                                                                                                                        LastUpdated                                                                                                                      DF_StoreSize_LastUpdated                                                                                                         (getdate())
StoreTechnical                                                                                                                   DST                                                                                                                              DF_StoreTechnical_DST                                                                                                            ((1))
StoreTechnical                                                                                                                   FireWallProvider                                                                                                                 DF_StoreTechnical_FireWallProvider                                                                                               ((8))
StoreTechnical                                                                                                                   FKHSIServiceType                                                                                                                 DF_StoreTechnical_FKHSIServiceType                                                                                               ((7))
StoreTechnical                                                                                                                   KEA                                                                                                                              DF_StoreTechnical_KEA                                                                                                            ((0))
StoreTechnical                                                                                                                   LastUpdated                                                                                                                      DF_StoreTechnical_LastUpdated                                                                                                    (getdate())
StoreTechnical                                                                                                                   OtherAVSoftware                                                                                                                  DF_StoreTechnical_OtherAVSoftware                                                                                                ('')
StoreTechnical                                                                                                                   PhoneVendorID                                                                                                                    DF_StoreTechnical_PhoneVendorID                                                                                                  ((1))
StoreTechnical                                                                                                                   TimeZone                                                                                                                         DF_StoreTechnical_TimeZone                                                                                                       ((2))
System                                                                                                                           LastUpdated                                                                                                                      DF_System_LastUpdated                                                                                                            (getdate())

(47 rows affected)

UserName                                                                                                                         UserType                                                     DefaultSchema                                                                                                                    Roles
-------------------------------------------------------------------------------------------------------------------------------- ------------------------------------------------------------ -------------------------------------------------------------------------------------------------------------------------------- ----------------------------------------------------------------------------------------------------------------------------------------------------------------------------------------------------------------------------------------------------------------
akarveller                                                                                                                       SQL_USER                                                     dbo                                                                                                                              NULL
BUILTIN\Administrators                                                                                                           WINDOWS_GROUP                                                NULL                                                                                                                             db_owner
contacts_user                                                                                                                    SQL_USER                                                     dbo                                                                                                                              db_datareader, db_datawriter
kaylesworth                                                                                                                      SQL_USER                                                     dbo                                                                                                                              db_owner, db_accessadmin, db_securityadmin, db_ddladmin, db_backupoperator, db_datareader, db_datawriter, db_denydatareader, db_denydatawriter
NFC\Domain Users                                                                                                                 WINDOWS_GROUP                                                NULL                                                                                                                             db_datareader
NFC\dwilson                                                                                                                      WINDOWS_USER                                                 dbo                                                                                                                              db_owner, db_accessadmin, db_securityadmin, db_ddladmin, db_datareader, db_datawriter
NFC\kaylesworth                                                                                                                  WINDOWS_USER                                                 dbo                                                                                                                              db_datareader, db_datawriter
NFC\Reports Users                                                                                                                WINDOWS_GROUP                                                NULL                                                                                                                             db_datareader
NFC\Reports Users-Elevated                                                                                                       WINDOWS_GROUP                                                NULL                                                                                                                             db_datareader
NT SERVICE\ReportServer                                                                                                          WINDOWS_USER                                                 dbo                                                                                                                              db_datareader
NT SERVICE\SQLServerReportingServices                                                                                            WINDOWS_USER                                                 dbo                                                                                                                              db_datareader
reports                                                                                                                          SQL_USER                                                     dbo                                                                                                                              db_datareader, db_datawriter

(12 rows affected)


Completion time: 2026-03-25T11:39:47.7087970-05:00
