TableName                                                                                                                        ConstraintName                                                                                                                   ConstraintType Columns
-------------------------------------------------------------------------------------------------------------------------------- -------------------------------------------------------------------------------------------------------------------------------- -------------- ----------------------------------------------------------------------------------------------------------------------------------------------------------------------------------------------------------------------------------------------------------------

(0 rows affected)

TableName                                                                                                                        ColumnName                                                                                                                       DefaultName                                                                                                                      DefaultValue
-------------------------------------------------------------------------------------------------------------------------------- -------------------------------------------------------------------------------------------------------------------------------- -------------------------------------------------------------------------------------------------------------------------------- ----------------------------------------------------------------------------------------------------------------------------------------------------------------------------------------------------------------------------------------------------------------
ChangeLog                                                                                                                        EventDate                                                                                                                        DF_EventsLog_EventDate                                                                                                           (getdate())

(1 row affected)

UserName                                                                                                                         UserType                                                     DefaultSchema                                                                                                                    Roles
-------------------------------------------------------------------------------------------------------------------------------- ------------------------------------------------------------ -------------------------------------------------------------------------------------------------------------------------------- ----------------------------------------------------------------------------------------------------------------------------------------------------------------------------------------------------------------------------------------------------------------
akarveller                                                                                                                       SQL_USER                                                     dbo                                                                                                                              db_datawriter
kaylesworth                                                                                                                      SQL_USER                                                     dbo                                                                                                                              db_owner, db_accessadmin, db_securityadmin, db_ddladmin, db_backupoperator, db_datareader, db_datawriter, db_denydatareader, db_denydatawriter
reports                                                                                                                          SQL_USER                                                     dbo                                                                                                                              NULL

(3 rows affected)


Completion time: 2026-03-25T11:40:34.1295355-05:00
