TableName                                                                                                                        ConstraintName                                                                                                                   ConstraintType Columns
-------------------------------------------------------------------------------------------------------------------------------- -------------------------------------------------------------------------------------------------------------------------------- -------------- ----------------------------------------------------------------------------------------------------------------------------------------------------------------------------------------------------------------------------------------------------------------

(0 rows affected)

TableName                                                                                                                        ColumnName                                                                                                                       DefaultName                                                                                                                      DefaultValue
-------------------------------------------------------------------------------------------------------------------------------- -------------------------------------------------------------------------------------------------------------------------------- -------------------------------------------------------------------------------------------------------------------------------- ----------------------------------------------------------------------------------------------------------------------------------------------------------------------------------------------------------------------------------------------------------------
AuditDataChanges                                                                                                                 ChangeDate                                                                                                                       DF_AuditDataChanges_ChangeDate                                                                                                   (getdate())
cfg_DiningOptions                                                                                                                LastUpdated                                                                                                                      DF_DiningOptions_LastUpdated                                                                                                     (getdate())
EmployeeJobsByStore                                                                                                              LastUpdated                                                                                                                      DF_EmployeeJobsByStore_LastUpdated                                                                                               (getdate())
EmployeeJobsByStore                                                                                                              LastUpdatedBy                                                                                                                    DF_EmployeeJobsByStore_LastUpdatedBy                                                                                             ('API')
Employees                                                                                                                        LastUpdated                                                                                                                      DF_Employees_LastUpdated                                                                                                         (getdate())
Employees                                                                                                                        LastUpdatedBy                                                                                                                    DF_Employees_LastUpdatedBy                                                                                                       ('API')
EmployeeWagesByJob                                                                                                               LastUpdated                                                                                                                      DF_EmployeeWagesByJob_LastUpdated                                                                                                (getdate())
EmployeeWagesByJob                                                                                                               LastUpdatedBy                                                                                                                    DF_EmployeeWagesByJob_LastUpdatedBy                                                                                              ('API')
temp_plu_mapping                                                                                                                 AlohaPLU                                                                                                                         DF_temp_plu_mapping_AlohaPLU                                                                                                     ((0))
temp_plu_mapping                                                                                                                 ToastPLU                                                                                                                         DF_temp_plu_mapping_ToastPLU                                                                                                     ((0))

(10 rows affected)

UserName                                                                                                                         UserType                                                     DefaultSchema                                                                                                                    Roles
-------------------------------------------------------------------------------------------------------------------------------- ------------------------------------------------------------ -------------------------------------------------------------------------------------------------------------------------------- ----------------------------------------------------------------------------------------------------------------------------------------------------------------------------------------------------------------------------------------------------------------
akarveller                                                                                                                       SQL_USER                                                     dbo                                                                                                                              NULL
kaylesworth                                                                                                                      SQL_USER                                                     dbo                                                                                                                              db_owner, db_accessadmin, db_securityadmin, db_ddladmin, db_backupoperator, db_datareader, db_datawriter, db_denydatareader, db_denydatawriter
NFC\kaylesworth                                                                                                                  WINDOWS_USER                                                 dbo                                                                                                                              db_datareader, db_datawriter
reports                                                                                                                          SQL_USER                                                     dbo                                                                                                                              NULL

(4 rows affected)


Completion time: 2026-03-25T11:39:34.9016079-05:00
