referencing_object                                                                                                               object_type                                                  referenced_entity
-------------------------------------------------------------------------------------------------------------------------------- ------------------------------------------------------------ --------------------------------------------------------------------------------------------------------------------------------
sp_rpt_Credit_Card_Rates_by_CC_Transaction_Type                                                                                  SQL_STORED_PROCEDURE                                         CalendarV2
sp_rpt_Phone_AI_Ordering_Pricing_tiers                                                                                           SQL_STORED_PROCEDURE                                         calendarv2
sp_rpt_Credit_Card_Rates_by_CC_Transaction_Type                                                                                  SQL_STORED_PROCEDURE                                         CheckData
TR_OLOOrders_AUDIT                                                                                                               SQL_TRIGGER                                                  deleted
trg_OLO_Vendor_Hours_Identify_Updated_Columns                                                                                    SQL_TRIGGER                                                  deleted
sp_rpt_OLO_Payouts_details                                                                                                       SQL_STORED_PROCEDURE                                         dpvhstgndtender
sp_upgraddiagrams                                                                                                                SQL_STORED_PROCEDURE                                         dtproperties
                                                                                                                                 SQL_STORED_PROCEDURE                                         FailedOrderDetails
sp_update_FailedOrderDetails                                                                                                     SQL_STORED_PROCEDURE                                         FailedOrderDetails
                                                                                                                                 SQL_STORED_PROCEDURE                                         FailedOrderDetails_Temp
sp_update_FailedOrderDetails                                                                                                     SQL_STORED_PROCEDURE                                         FailedOrderDetails_Temp
rpt_OLO_Sales_By_Platform                                                                                                        SQL_STORED_PROCEDURE                                         get_StoresIncluded
sp_rpt_Credit_Card_Rates_by_CC_Transaction_Type                                                                                  SQL_STORED_PROCEDURE                                         get_StoresIncluded
sp_rpt_OLO_Customer_Contact_Info                                                                                                 SQL_STORED_PROCEDURE                                         get_StoresIncluded
sp_rpt_OLO_Orders_Placed_Ahead                                                                                                   SQL_STORED_PROCEDURE                                         get_StoresIncluded
sp_rpt_OLO_Payouts_details                                                                                                       SQL_STORED_PROCEDURE                                         get_StoresIncluded
sp_rpt_OLO_Sales_By_Handoff_Mode                                                                                                 SQL_STORED_PROCEDURE                                         get_StoresIncluded
sp_rpt_Phone_AI_Ordering_Pricing_tiers                                                                                           SQL_STORED_PROCEDURE                                         get_StoresIncluded
sp_rpt_Platform_Order_Counts                                                                                                     SQL_STORED_PROCEDURE                                         get_storesIncluded
TR_OLOOrders_AUDIT                                                                                                               SQL_TRIGGER                                                  inserted
trg_OLO_Vendor_Hours_Identify_Updated_Columns                                                                                    SQL_TRIGGER                                                  inserted
sp_new01_update_Kiosk_OLO_Handoffs                                                                                               SQL_STORED_PROCEDURE                                         Kiosk_OLO_HandOff
sp_new01_update_Kiosk_OLO_Handoffs                                                                                               SQL_STORED_PROCEDURE                                         Kiosk_OLO_HandOff_Temp
sp_new01_update_Kiosk_OLO_Menu                                                                                                   SQL_STORED_PROCEDURE                                         Kiosk_OLO_Menu
sp_new01_update_Kiosk_OLO_Menu                                                                                                   SQL_STORED_PROCEDURE                                         Kiosk_OLO_Menu_Temp
sp_new01_update_OLO_Handoffs                                                                                                     SQL_STORED_PROCEDURE                                         olo_handoff
sp_new01_update_OLO_Handoffs                                                                                                     SQL_STORED_PROCEDURE                                         OLO_HandOff_Temp
sp_new01_update_OLO_Menu                                                                                                         SQL_STORED_PROCEDURE                                         OLO_Menu
sp_new01_update_OLO_Menu                                                                                                         SQL_STORED_PROCEDURE                                         olo_menu
sp_new01_update_OLO_Menu                                                                                                         SQL_STORED_PROCEDURE                                         OLO_Menu_Temp
sp_rpt_OLO_Payouts_details                                                                                                       SQL_STORED_PROCEDURE                                         olo_payouts
sp_update_olo_payouts                                                                                                            SQL_STORED_PROCEDURE                                         OLO_Payouts
sp_update_olo_payouts                                                                                                            SQL_STORED_PROCEDURE                                         OLO_Payouts_Temp
sp_update_merge_vendor_hours                                                                                                     SQL_STORED_PROCEDURE                                         OLO_Vendor_Hours
sp_update_merge_vendor_hours                                                                                                     SQL_STORED_PROCEDURE                                         OLO_Vendor_Hours_Temp
rpt_OLO_Sales_By_Platform                                                                                                        SQL_STORED_PROCEDURE                                         OLOOrders
sp_merge_orders                                                                                                                  SQL_STORED_PROCEDURE                                         oloorders
sp_rpt_OLO_Customer_Contact_Info                                                                                                 SQL_STORED_PROCEDURE                                         oloorders
sp_rpt_OLO_Orders_Placed_Ahead                                                                                                   SQL_STORED_PROCEDURE                                         OLOOrders
sp_rpt_OLO_Payouts_details                                                                                                       SQL_STORED_PROCEDURE                                         OLOOrders
sp_rpt_OLO_Sales_By_Handoff_Mode                                                                                                 SQL_STORED_PROCEDURE                                         oloorders
sp_rpt_Phone_AI_Ordering_Pricing_tiers                                                                                           SQL_STORED_PROCEDURE                                         OLOOrders
sp_rpt_Platform_Order_Counts                                                                                                     SQL_STORED_PROCEDURE                                         OLOOrders
sp_rpt_Six_Month_Olo_List_for_Remarketing                                                                                        SQL_STORED_PROCEDURE                                         oloorders
sp_merge_orders                                                                                                                  SQL_STORED_PROCEDURE                                         oloorders_temp
sp_alterdiagram                                                                                                                  SQL_STORED_PROCEDURE                                         sysdiagrams
sp_creatediagram                                                                                                                 SQL_STORED_PROCEDURE                                         sysdiagrams
sp_dropdiagram                                                                                                                   SQL_STORED_PROCEDURE                                         sysdiagrams
sp_helpdiagramdefinition                                                                                                         SQL_STORED_PROCEDURE                                         sysdiagrams
sp_helpdiagrams                                                                                                                  SQL_STORED_PROCEDURE                                         sysdiagrams
sp_renamediagram                                                                                                                 SQL_STORED_PROCEDURE                                         sysdiagrams
sp_upgraddiagrams                                                                                                                SQL_STORED_PROCEDURE                                         sysdiagrams
sp_rpt_OLO_Payouts_details                                                                                                       SQL_STORED_PROCEDURE                                         tender
                                                                                                                                 SQL_STORED_PROCEDURE                                         Write_Procedure_Execution
rpt_OLO_Sales_By_Platform                                                                                                        SQL_STORED_PROCEDURE                                         Write_Procedure_Execution
sp_merge_orders                                                                                                                  SQL_STORED_PROCEDURE                                         Write_Procedure_Execution
sp_new01_update_Kiosk_OLO_Handoffs                                                                                               SQL_STORED_PROCEDURE                                         Write_Procedure_Execution
sp_new01_update_Kiosk_OLO_Menu                                                                                                   SQL_STORED_PROCEDURE                                         Write_Procedure_Execution
sp_new01_update_OLO_Handoffs                                                                                                     SQL_STORED_PROCEDURE                                         Write_Procedure_Execution
sp_new01_update_OLO_Menu                                                                                                         SQL_STORED_PROCEDURE                                         Write_Procedure_Execution
sp_rpt_Credit_Card_Rates_by_CC_Transaction_Type                                                                                  SQL_STORED_PROCEDURE                                         Write_Procedure_Execution
sp_rpt_OLO_Customer_Contact_Info                                                                                                 SQL_STORED_PROCEDURE                                         Write_Procedure_Execution
sp_rpt_OLO_Orders_Placed_Ahead                                                                                                   SQL_STORED_PROCEDURE                                         Write_Procedure_Execution
sp_rpt_OLO_Payouts_details                                                                                                       SQL_STORED_PROCEDURE                                         Write_Procedure_Execution
sp_rpt_OLO_Sales_By_Handoff_Mode                                                                                                 SQL_STORED_PROCEDURE                                         Write_Procedure_Execution
sp_rpt_Phone_AI_Ordering_Pricing_tiers                                                                                           SQL_STORED_PROCEDURE                                         Write_Procedure_Execution
sp_rpt_Platform_Order_Counts                                                                                                     SQL_STORED_PROCEDURE                                         Write_Procedure_Execution
sp_rpt_Six_Month_Olo_List_for_Remarketing                                                                                        SQL_STORED_PROCEDURE                                         Write_Procedure_Execution
sp_update_FailedOrderDetails                                                                                                     SQL_STORED_PROCEDURE                                         Write_Procedure_Execution
sp_update_merge_vendor_hours                                                                                                     SQL_STORED_PROCEDURE                                         Write_Procedure_Execution
sp_update_olo_payouts                                                                                                            SQL_STORED_PROCEDURE                                         Write_Procedure_Execution

(71 rows affected)


Completion time: 2026-03-25T13:54:06.0233726-05:00
