TableName                                                                                                                        ConstraintName                                                                                                                   ConstraintType Columns
-------------------------------------------------------------------------------------------------------------------------------- -------------------------------------------------------------------------------------------------------------------------------- -------------- ----------------------------------------------------------------------------------------------------------------------------------------------------------------------------------------------------------------------------------------------------------------

(0 rows affected)

TableName                                                                                                                        ColumnName                                                                                                                       DefaultName                                                                                                                      DefaultValue
-------------------------------------------------------------------------------------------------------------------------------- -------------------------------------------------------------------------------------------------------------------------------- -------------------------------------------------------------------------------------------------------------------------------- ----------------------------------------------------------------------------------------------------------------------------------------------------------------------------------------------------------------------------------------------------------------

(0 rows affected)

UserName                                                                                                                         UserType                                                     DefaultSchema                                                                                                                    Roles
-------------------------------------------------------------------------------------------------------------------------------- ------------------------------------------------------------ -------------------------------------------------------------------------------------------------------------------------------- ----------------------------------------------------------------------------------------------------------------------------------------------------------------------------------------------------------------------------------------------------------------
akarveller                                                                                                                       SQL_USER                                                     dbo                                                                                                                              NULL
kaylesworth                                                                                                                      SQL_USER                                                     dbo                                                                                                                              db_owner, db_accessadmin, db_securityadmin, db_ddladmin, db_backupoperator, db_datareader, db_datawriter, db_denydatareader, db_denydatawriter
NFC\kaylesworth                                                                                                                  WINDOWS_USER                                                 dbo                                                                                                                              db_datareader, db_datawriter
reports                                                                                                                          SQL_USER                                                     dbo                                                                                                                              NULL

(4 rows affected)


Completion time: 2026-03-25T11:41:03.6319312-05:00
