referencing_object                                                                                                               object_type                                                  referenced_entity
-------------------------------------------------------------------------------------------------------------------------------- ------------------------------------------------------------ --------------------------------------------------------------------------------------------------------------------------------
sp_rpt_Punch_Export_For_Marketing_Google_Ads                                                                                     SQL_STORED_PROCEDURE                                         CheckData
sp_Merge_Checkins                                                                                                                SQL_STORED_PROCEDURE                                         checkin
sp_Merge_Checkins                                                                                                                SQL_STORED_PROCEDURE                                         checkin
sp_rpt_Daily_Point_Balance                                                                                                       SQL_STORED_PROCEDURE                                         checkin
sp_rpt_Punch_Export_For_Marketing_Google_Ads                                                                                     SQL_STORED_PROCEDURE                                         checkin
sp_rpt_Summary_Roll_Up                                                                                                           SQL_STORED_PROCEDURE                                         checkin
sp_Merge_Checkins                                                                                                                SQL_STORED_PROCEDURE                                         checkin_temp
sp_Merge_Coupons                                                                                                                 SQL_STORED_PROCEDURE                                         coupon
sp_rpt_Punchh_Coupon_Dollars_Counts                                                                                              SQL_STORED_PROCEDURE                                         coupon
sp_rpt_Punchh_Coupon_Dollars_Counts_Date_Range_Summary_By_Store_By_Deal_Type                                                     SQL_STORED_PROCEDURE                                         coupon
sp_rpt_Summary_Roll_Up                                                                                                           SQL_STORED_PROCEDURE                                         coupon
sp_Merge_Coupons                                                                                                                 SQL_STORED_PROCEDURE                                         coupon_temp
sp_rpt_Daily_Point_Balance                                                                                                       SQL_STORED_PROCEDURE                                         get_StoresIncluded
sp_rpt_Punchh_Coupon_Dollars_Counts                                                                                              SQL_STORED_PROCEDURE                                         get_StoresIncluded
sp_rpt_Punchh_Coupon_Dollars_Counts_Date_Range_Summary_By_Store_By_Deal_Type                                                     SQL_STORED_PROCEDURE                                         get_StoresIncluded
sp_rpt_Punchh_Redeemable_Dollars_Counts                                                                                          SQL_STORED_PROCEDURE                                         get_StoresIncluded
sp_rpt_Punchh_Redeemable_Dollars_Counts_Date_Range_Summary_By_Store_By_Deal_Type                                                 SQL_STORED_PROCEDURE                                         get_StoresIncluded
sp_rpt_Summary_Roll_Up                                                                                                           SQL_STORED_PROCEDURE                                         get_StoresIncluded
sp_Merge_Guest_Data                                                                                                              SQL_STORED_PROCEDURE                                         guest_data
sp_rpt_Punch_Export_For_Marketing_Google_Ads                                                                                     SQL_STORED_PROCEDURE                                         guest_data
sp_Merge_Guest_Data                                                                                                              SQL_STORED_PROCEDURE                                         guest_data_temp
sp_Merge_Redemptions                                                                                                             SQL_STORED_PROCEDURE                                         redemption
sp_rpt_Punchh_Coupon_Dollars_Counts                                                                                              SQL_STORED_PROCEDURE                                         redemption
sp_rpt_Punchh_Coupon_Dollars_Counts_Date_Range_Summary_By_Store_By_Deal_Type                                                     SQL_STORED_PROCEDURE                                         redemption
sp_rpt_Punchh_Redeemable_Dollars_Counts                                                                                          SQL_STORED_PROCEDURE                                         redemption
sp_rpt_Punchh_Redeemable_Dollars_Counts_Date_Range_Summary_By_Store_By_Deal_Type                                                 SQL_STORED_PROCEDURE                                         redemption
sp_rpt_Summary_Roll_Up                                                                                                           SQL_STORED_PROCEDURE                                         redemption
sp_update_Redemption                                                                                                             SQL_STORED_PROCEDURE                                         redemption
sp_Merge_Redemptions                                                                                                             SQL_STORED_PROCEDURE                                         redemption_temp
sp_update_Redemption                                                                                                             SQL_STORED_PROCEDURE                                         redemption_temp
sp_Merge_Checkins                                                                                                                SQL_STORED_PROCEDURE                                         Write_Procedure_Execution
sp_Merge_Coupons                                                                                                                 SQL_STORED_PROCEDURE                                         Write_Procedure_Execution
sp_Merge_Guest_Data                                                                                                              SQL_STORED_PROCEDURE                                         Write_Procedure_Execution
sp_Merge_Redemptions                                                                                                             SQL_STORED_PROCEDURE                                         Write_Procedure_Execution
sp_rpt_Daily_Point_Balance                                                                                                       SQL_STORED_PROCEDURE                                         Write_Procedure_Execution
sp_rpt_Punch_Export_For_Marketing_Google_Ads                                                                                     SQL_STORED_PROCEDURE                                         Write_Procedure_Execution
sp_rpt_Punchh_Coupon_Dollars_Counts                                                                                              SQL_STORED_PROCEDURE                                         Write_Procedure_Execution
sp_rpt_Punchh_Coupon_Dollars_Counts_Date_Range_Summary_By_Store_By_Deal_Type                                                     SQL_STORED_PROCEDURE                                         Write_Procedure_Execution
sp_rpt_Punchh_Redeemable_Dollars_Counts                                                                                          SQL_STORED_PROCEDURE                                         Write_Procedure_Execution
sp_rpt_Punchh_Redeemable_Dollars_Counts_Date_Range_Summary_By_Store_By_Deal_Type                                                 SQL_STORED_PROCEDURE                                         Write_Procedure_Execution
sp_rpt_Summary_Roll_Up                                                                                                           SQL_STORED_PROCEDURE                                         Write_Procedure_Execution
sp_update_Redemption                                                                                                             SQL_STORED_PROCEDURE                                         Write_Procedure_Execution

(42 rows affected)


Completion time: 2026-03-25T13:54:17.2094760-05:00
