referencing_object                                                                                                               object_type                                                  referenced_entity
-------------------------------------------------------------------------------------------------------------------------------- ------------------------------------------------------------ --------------------------------------------------------------------------------------------------------------------------------
sp_analytics_import                                                                                                              SQL_STORED_PROCEDURE                                         analytics_Sales
sp_rpt_Toast_Net_Sales_Validation                                                                                                SQL_STORED_PROCEDURE                                         Analytics_Sales
sp_rpt_store_mgr_hours                                                                                                           SQL_STORED_PROCEDURE                                         Calc_Duration
sp_rpt_IT_Menu_Item_Count_Validation                                                                                             SQL_STORED_PROCEDURE                                         CalendarV2
sp_rpt_store_mgr_hours                                                                                                           SQL_STORED_PROCEDURE                                         CalendarV2
sp_Update_Menu_Tables_From_Imported_JSON                                                                                         SQL_STORED_PROCEDURE                                         category
sp_rpt_IT_Menu_Item_Count_Validation                                                                                             SQL_STORED_PROCEDURE                                         categoryitem
sp_rpt_Toast_Item_to_Tag_map_for_Guest_Count_and_Consolidated_Categry                                                            SQL_STORED_PROCEDURE                                         categoryitem
sp_merge_menu_cfg_tables                                                                                                         SQL_STORED_PROCEDURE                                         cfg_map_category_item
sp_Build_Menu_Mix_Toast                                                                                                          SQL_STORED_PROCEDURE                                         cfg_map_DiningOptionToOrderMode
sp_merge_item_tags                                                                                                               SQL_STORED_PROCEDURE                                         cfg_map_item_tags
sp_merge_menu_cfg_tables                                                                                                         SQL_STORED_PROCEDURE                                         cfg_map_item_tags
sp_rpt_IT_Menu_Item_Count_Validation                                                                                             SQL_STORED_PROCEDURE                                         cfg_map_item_tags
sp_rpt_Toast_Item_to_Tag_map_for_Guest_Count_and_Consolidated_Categry                                                            SQL_STORED_PROCEDURE                                         cfg_map_item_tags
sp_toast_update_item_guest_weights_from_aloha                                                                                    SQL_STORED_PROCEDURE                                         cfg_map_item_tags
sp_merge_menu_cfg_tables                                                                                                         SQL_STORED_PROCEDURE                                         cfg_map_menu_group_item
sp_merge_menu_cfg_tables                                                                                                         SQL_STORED_PROCEDURE                                         cfg_map_menu_menu_group
sp_rpt_IT_Menu_Item_Count_Validation                                                                                             SQL_STORED_PROCEDURE                                         cfg_map_PLU_Toast_to_Aloha
sp_rpt_Toast_Item_to_Tag_map_for_Guest_Count_and_Consolidated_Categry                                                            SQL_STORED_PROCEDURE                                         cfg_map_PLU_Toast_to_Aloha
sp_tbl_MLI_PLU_Attribute_Map                                                                                                     SQL_STORED_PROCEDURE                                         cfg_map_PLU_Toast_to_Aloha
sp_Build_Menu_Mix_Toast                                                                                                          SQL_STORED_PROCEDURE                                         cfg_map_Sales_Cats
sp_merge_menu_cfg_tables                                                                                                         SQL_STORED_PROCEDURE                                         cfg_menu
sp_merge_menu_cfg_tables                                                                                                         SQL_STORED_PROCEDURE                                         cfg_menu_groups
sp_Build_Menu_Mix_Toast                                                                                                          SQL_STORED_PROCEDURE                                         cfg_menu_items
sp_merge_menu_cfg_tables                                                                                                         SQL_STORED_PROCEDURE                                         cfg_menu_items
sp_rpt_IT_Menu_Item_Count_Validation                                                                                             SQL_STORED_PROCEDURE                                         cfg_menu_items
sp_rpt_Toast_Item_to_Tag_map_for_Guest_Count_and_Consolidated_Categry                                                            SQL_STORED_PROCEDURE                                         cfg_menu_items
sp_tbl_MLI_PLU_Attribute_Map                                                                                                     SQL_STORED_PROCEDURE                                         cfg_menu_items
sp_toast_update_guest_counts_from_items_sold                                                                                     SQL_STORED_PROCEDURE                                         cfg_menu_items
sp_toast_update_item_guest_weights_from_aloha                                                                                    SQL_STORED_PROCEDURE                                         cfg_menu_items
sp_update_imported_menu_items                                                                                                    SQL_STORED_PROCEDURE                                         cfg_menu_items
sp_Update_Sold_Items_From_Check                                                                                                  SQL_STORED_PROCEDURE                                         cfg_menu_items
sp_Build_Menu_Mix_Toast                                                                                                          SQL_STORED_PROCEDURE                                         cfg_menu_items_master
sp_update_imported_menu_items                                                                                                    SQL_STORED_PROCEDURE                                         cfg_menu_items_temp
sp_Build_Menu_Mix_Toast                                                                                                          SQL_STORED_PROCEDURE                                         cfg_PreModifier
sp_Update_Sold_Items_From_Check                                                                                                  SQL_STORED_PROCEDURE                                         cfg_RestaurantService
sp_merge_menu_cfg_tables                                                                                                         SQL_STORED_PROCEDURE                                         cfg_Sales_Cats
sp_merge_menu_cfg_tables                                                                                                         SQL_STORED_PROCEDURE                                         cfg_tags
sp_rpt_IT_Menu_Item_Count_Validation                                                                                             SQL_STORED_PROCEDURE                                         cfg_tags
sp_rpt_Toast_Item_to_Tag_map_for_Guest_Count_and_Consolidated_Categry                                                            SQL_STORED_PROCEDURE                                         cfg_tags
sp_toast_update_item_guest_weights_from_aloha                                                                                    SQL_STORED_PROCEDURE                                         cfg_tags
sp_Purge_Sales                                                                                                                   SQL_STORED_PROCEDURE                                         CheckData
sp_Purge_Sales                                                                                                                   SQL_STORED_PROCEDURE                                         CheckInfo
trg_DiningOptions_Identify_Updated_Columns                                                                                       SQL_TRIGGER                                                  deleted
trg_EmployeeJobsByStore_Identify_Updated_Columns                                                                                 SQL_TRIGGER                                                  deleted
trg_Employees_Identify_Updated_Columns                                                                                           SQL_TRIGGER                                                  deleted
trg_EmployeeWagesByJob_Identify_Updated_Columns                                                                                  SQL_TRIGGER                                                  deleted
sp_export_CT_Employee_036_file                                                                                                   SQL_STORED_PROCEDURE                                         EmployeeJobsByStore
sp_Update_Employee_Jobs_By_Store                                                                                                 SQL_STORED_PROCEDURE                                         EmployeeJobsByStore
sp_Update_Employee_Jobs_By_Store                                                                                                 SQL_STORED_PROCEDURE                                         EmployeeJobsByStore_temp
sp_export_CT_Employee_036_file                                                                                                   SQL_STORED_PROCEDURE                                         Employees
sp_rpt_store_mgr_hours                                                                                                           SQL_STORED_PROCEDURE                                         Employees
sp_export_CT_Employee_036_file                                                                                                   SQL_STORED_PROCEDURE                                         EmployeeWagesByJob
sp_Update_Employee_Wage_By_Job                                                                                                   SQL_STORED_PROCEDURE                                         EmployeeWagesByJob
sp_Update_Employee_Wage_By_Job                                                                                                   SQL_STORED_PROCEDURE                                         EmployeeWagesByJob_temp
sp_Build_Menu_Mix_Toast                                                                                                          SQL_STORED_PROCEDURE                                         get_StoresIncluded
sp_Purge_Sales                                                                                                                   SQL_STORED_PROCEDURE                                         get_StoresIncluded
sp_rpt_IT_Menu_Item_Count_Validation                                                                                             SQL_STORED_PROCEDURE                                         get_StoresIncluded
sp_rpt_store_mgr_hours                                                                                                           SQL_STORED_PROCEDURE                                         get_StoresIncluded
sp_rpt_Toast_Net_Sales_Validation                                                                                                SQL_STORED_PROCEDURE                                         get_StoresIncluded
sp_copy_from_psql_devjan02                                                                                                       SQL_STORED_PROCEDURE                                         hstAppliedDiscounts
sp_copy_from_psql_devjan02                                                                                                       SQL_STORED_PROCEDURE                                         hstapplieddiscounts
sp_Purge_Sales                                                                                                                   SQL_STORED_PROCEDURE                                         hstAppliedDiscounts
sp_Update_Check_Discounts                                                                                                        SQL_STORED_PROCEDURE                                         hstAppliedDiscounts
sp_copy_from_psql_devjan02                                                                                                       SQL_STORED_PROCEDURE                                         hstAppliedDiscounts_temp
sp_copy_from_psql_devjan02                                                                                                       SQL_STORED_PROCEDURE                                         hstcheck
sp_copy_from_psql_devjan02                                                                                                       SQL_STORED_PROCEDURE                                         hstcheck
sp_Purge_Sales                                                                                                                   SQL_STORED_PROCEDURE                                         hstCheck
sp_rpt_Toast_Net_Sales_Validation                                                                                                SQL_STORED_PROCEDURE                                         hstCheck
sp_Update_Check_Discounts                                                                                                        SQL_STORED_PROCEDURE                                         hstCheck
sp_Update_Sold_Items_From_Check                                                                                                  SQL_STORED_PROCEDURE                                         hstCheck
sp_copy_from_psql_devjan02                                                                                                       SQL_STORED_PROCEDURE                                         hstCheck_temp
sp_Build_Menu_Mix_Toast                                                                                                          SQL_STORED_PROCEDURE                                         hstItem
sp_Purge_Sales                                                                                                                   SQL_STORED_PROCEDURE                                         hstItem
sp_rpt_IT_Menu_Item_Count_Validation                                                                                             SQL_STORED_PROCEDURE                                         hstItem
sp_rpt_Toast_Net_Sales_Validation                                                                                                SQL_STORED_PROCEDURE                                         hstItem
sp_toast_update_guest_counts_from_items_sold                                                                                     SQL_STORED_PROCEDURE                                         hstItem
sp_Update_Sold_Items_From_Check                                                                                                  SQL_STORED_PROCEDURE                                         hstItem
sp_copy_from_psql_devjan02                                                                                                       SQL_STORED_PROCEDURE                                         hstitem_temp
sp_copy_from_psql_devjan02                                                                                                       SQL_STORED_PROCEDURE                                         hstitem_temp
sp_Update_Sold_Items_From_Check                                                                                                  SQL_STORED_PROCEDURE                                         hstitem_temp
sp_copy_from_psql_devjan02                                                                                                       SQL_STORED_PROCEDURE                                         hstOrder
sp_copy_from_psql_devjan02                                                                                                       SQL_STORED_PROCEDURE                                         hstorder
sp_Purge_Sales                                                                                                                   SQL_STORED_PROCEDURE                                         hstorder
sp_toast_update_guest_counts_from_items_sold                                                                                     SQL_STORED_PROCEDURE                                         hstOrder
sp_Update_Sold_Items_From_Check                                                                                                  SQL_STORED_PROCEDURE                                         hstOrder
sp_copy_from_psql_devjan02                                                                                                       SQL_STORED_PROCEDURE                                         hstOrder_temp
sp_copy_from_psql_devjan02                                                                                                       SQL_STORED_PROCEDURE                                         hstPayment
sp_copy_from_psql_devjan02                                                                                                       SQL_STORED_PROCEDURE                                         hstpayment
sp_Purge_Sales                                                                                                                   SQL_STORED_PROCEDURE                                         hstPayment
sp_copy_from_psql_devjan02                                                                                                       SQL_STORED_PROCEDURE                                         hstPayment_temp
sp_copy_from_psql_devjan02                                                                                                       SQL_STORED_PROCEDURE                                         hstServiceCharges
sp_copy_from_psql_devjan02                                                                                                       SQL_STORED_PROCEDURE                                         hstservicecharges
sp_Purge_Sales                                                                                                                   SQL_STORED_PROCEDURE                                         hstServiceCharges
sp_rpt_Toast_Net_Sales_Validation                                                                                                SQL_STORED_PROCEDURE                                         hstServiceCharges
sp_copy_from_psql_devjan02                                                                                                       SQL_STORED_PROCEDURE                                         hstServiceCharges_temp
sp_process_pulled_labor                                                                                                          SQL_STORED_PROCEDURE                                         hstShift
sp_Purge_Labor                                                                                                                   SQL_STORED_PROCEDURE                                         hstshift
sp_rpt_store_mgr_hours                                                                                                           SQL_STORED_PROCEDURE                                         hstShift
trg_DiningOptions_Identify_Updated_Columns                                                                                       SQL_TRIGGER                                                  inserted
trg_EmployeeJobsByStore_Identify_Updated_Columns                                                                                 SQL_TRIGGER                                                  inserted
trg_Employees_Identify_Updated_Columns                                                                                           SQL_TRIGGER                                                  inserted
trg_EmployeeWagesByJob_Identify_Updated_Columns                                                                                  SQL_TRIGGER                                                  inserted
sp_rpt_IT_Menu_Item_Count_Validation                                                                                             SQL_STORED_PROCEDURE                                         item
sp_rpt_Toast_Item_to_Tag_map_for_Guest_Count_and_Consolidated_Categry                                                            SQL_STORED_PROCEDURE                                         item
sp_tbl_MLI_PLU_Attribute_Map                                                                                                     SQL_STORED_PROCEDURE                                         item
sp_merge_item_tags                                                                                                               SQL_STORED_PROCEDURE                                         item_tags_temp
sp_process_pulled_labor                                                                                                          SQL_STORED_PROCEDURE                                         jobcode
sp_export_CT_Employee_036_file                                                                                                   SQL_STORED_PROCEDURE                                         JobCodes
sp_process_pulled_labor                                                                                                          SQL_STORED_PROCEDURE                                         JobCodes
sp_import_toast_menu_info                                                                                                        SQL_STORED_PROCEDURE                                         menu
sp_Update_Menu_Tables_From_Imported_JSON                                                                                         SQL_STORED_PROCEDURE                                         menu
sp_import_toast_menu_info                                                                                                        SQL_STORED_PROCEDURE                                         menugroup
sp_Update_Item_Template_Basic                                                                                                    SQL_STORED_PROCEDURE                                         MenuGroup
sp_Update_Menu_Tables_From_Imported_JSON                                                                                         SQL_STORED_PROCEDURE                                         menugroup
sp_import_toast_menu_info                                                                                                        SQL_STORED_PROCEDURE                                         menuitem
sp_Update_Item_Template_Basic                                                                                                    SQL_STORED_PROCEDURE                                         menuitem
sp_Update_Menu_Tables_From_Imported_JSON                                                                                         SQL_STORED_PROCEDURE                                         menuitem
sp_Build_Menu_Mix_Toast                                                                                                          SQL_STORED_PROCEDURE                                         MenuMix
sp_Purge_Sales                                                                                                                   SQL_STORED_PROCEDURE                                         MenuMix
sp_rpt_IT_Menu_Item_Count_Validation                                                                                             SQL_STORED_PROCEDURE                                         MenuMix
sp_tbl_MLI_PLU_Attribute_Map                                                                                                     SQL_STORED_PROCEDURE                                         MLI_PLU_Attribute_Map
sp_import_toast_menu_info                                                                                                        SQL_STORED_PROCEDURE                                         modoption
sp_Update_Item_Template_Basic                                                                                                    SQL_STORED_PROCEDURE                                         ModOption
sp_Update_Menu_Tables_From_Imported_JSON                                                                                         SQL_STORED_PROCEDURE                                         modoption
sp_import_toast_menu_info                                                                                                        SQL_STORED_PROCEDURE                                         modoptiongroup
sp_Update_Menu_Tables_From_Imported_JSON                                                                                         SQL_STORED_PROCEDURE                                         modoptiongroup
sp_export_CT_Employee_036_file                                                                                                   SQL_STORED_PROCEDURE                                         restaurants
sp_export_CT_Employee_036_file                                                                                                   SQL_STORED_PROCEDURE                                         restaurants
sp_Purge_Labor                                                                                                                   SQL_STORED_PROCEDURE                                         restaurants
sp_Update_Sold_Items_From_Check                                                                                                  SQL_STORED_PROCEDURE                                         restaurants
vw_all_toast_stores                                                                                                              VIEW                                                         restaurants
vw_live_toast_stores                                                                                                             VIEW                                                         restaurants
vw_all_toast_stores                                                                                                              VIEW                                                         Store
vw_all_toast_stores                                                                                                              VIEW                                                         Store
vw_live_toast_stores                                                                                                             VIEW                                                         store
vw_live_toast_stores                                                                                                             VIEW                                                         Store
sp_process_pulled_labor                                                                                                          SQL_STORED_PROCEDURE                                         tbl_LaborDataByDayPart
sp_Purge_Labor                                                                                                                   SQL_STORED_PROCEDURE                                         tbl_LaborDataByDayPart
sp_Purge_Sales                                                                                                                   SQL_STORED_PROCEDURE                                         tbl_SalesDataByDayPart
sp_analytics_import                                                                                                              SQL_STORED_PROCEDURE                                         temp_analytics_Sales
sp_Update_Menu_Tables_From_Imported_JSON                                                                                         SQL_STORED_PROCEDURE                                         temp_category
sp_merge_menu_cfg_tables                                                                                                         SQL_STORED_PROCEDURE                                         temp_cfg_map_category_item
sp_merge_item_tags                                                                                                               SQL_STORED_PROCEDURE                                         temp_cfg_map_item_tags
sp_merge_menu_cfg_tables                                                                                                         SQL_STORED_PROCEDURE                                         temp_cfg_map_item_tags
sp_merge_menu_cfg_tables                                                                                                         SQL_STORED_PROCEDURE                                         temp_cfg_map_menu_group_item
sp_merge_menu_cfg_tables                                                                                                         SQL_STORED_PROCEDURE                                         temp_cfg_map_menu_menu_group
sp_merge_menu_cfg_tables                                                                                                         SQL_STORED_PROCEDURE                                         temp_cfg_menu
sp_merge_menu_cfg_tables                                                                                                         SQL_STORED_PROCEDURE                                         temp_cfg_menu_groups
sp_merge_menu_cfg_tables                                                                                                         SQL_STORED_PROCEDURE                                         temp_cfg_menu_items
sp_merge_menu_cfg_tables                                                                                                         SQL_STORED_PROCEDURE                                         temp_cfg_Sales_Cats
sp_merge_menu_cfg_tables                                                                                                         SQL_STORED_PROCEDURE                                         temp_cfg_tags
sp_import_toast_menu_info                                                                                                        SQL_STORED_PROCEDURE                                         temp_Menu
sp_Update_Menu_Tables_From_Imported_JSON                                                                                         SQL_STORED_PROCEDURE                                         temp_menu
sp_import_toast_menu_info                                                                                                        SQL_STORED_PROCEDURE                                         temp_MenuGroup
sp_Update_Menu_Tables_From_Imported_JSON                                                                                         SQL_STORED_PROCEDURE                                         temp_menugroup
sp_import_toast_menu_info                                                                                                        SQL_STORED_PROCEDURE                                         temp_menuitem
sp_Update_Menu_Tables_From_Imported_JSON                                                                                         SQL_STORED_PROCEDURE                                         temp_menuitem
sp_import_toast_menu_info                                                                                                        SQL_STORED_PROCEDURE                                         temp_modoption
sp_Update_Menu_Tables_From_Imported_JSON                                                                                         SQL_STORED_PROCEDURE                                         temp_modoption
sp_import_toast_menu_info                                                                                                        SQL_STORED_PROCEDURE                                         temp_ModOptionGroup
sp_Update_Menu_Tables_From_Imported_JSON                                                                                         SQL_STORED_PROCEDURE                                         temp_modoptiongroup
sp_process_pulled_labor                                                                                                          SQL_STORED_PROCEDURE                                         vw_live_toast_stores
sp_analytics_import                                                                                                              SQL_STORED_PROCEDURE                                         Write_Procedure_Execution
sp_Build_Menu_Mix_Toast                                                                                                          SQL_STORED_PROCEDURE                                         Write_Procedure_Execution
sp_copy_from_psql_devjan02                                                                                                       SQL_STORED_PROCEDURE                                         Write_Procedure_Execution
sp_export_CT_Employee_036_file                                                                                                   SQL_STORED_PROCEDURE                                         Write_Procedure_Execution
sp_import_toast_menu_info                                                                                                        SQL_STORED_PROCEDURE                                         Write_Procedure_Execution
sp_merge_item_tags                                                                                                               SQL_STORED_PROCEDURE                                         Write_Procedure_Execution
sp_merge_menu_cfg_tables                                                                                                         SQL_STORED_PROCEDURE                                         Write_Procedure_Execution
sp_process_pulled_labor                                                                                                          SQL_STORED_PROCEDURE                                         Write_Procedure_Execution
sp_Purge_Labor                                                                                                                   SQL_STORED_PROCEDURE                                         Write_Procedure_Execution
sp_Purge_Sales                                                                                                                   SQL_STORED_PROCEDURE                                         Write_Procedure_Execution
sp_rpt_IT_Menu_Item_Count_Validation                                                                                             SQL_STORED_PROCEDURE                                         Write_Procedure_Execution
sp_rpt_store_mgr_hours                                                                                                           SQL_STORED_PROCEDURE                                         Write_Procedure_Execution
sp_rpt_Toast_Item_to_Tag_map_for_Guest_Count_and_Consolidated_Categry                                                            SQL_STORED_PROCEDURE                                         Write_Procedure_Execution
sp_rpt_Toast_Net_Sales_Validation                                                                                                SQL_STORED_PROCEDURE                                         Write_Procedure_Execution
sp_tbl_MLI_PLU_Attribute_Map                                                                                                     SQL_STORED_PROCEDURE                                         Write_Procedure_Execution
sp_toast_update_guest_counts_from_items_sold                                                                                     SQL_STORED_PROCEDURE                                         Write_Procedure_Execution
sp_toast_update_item_guest_weights_from_aloha                                                                                    SQL_STORED_PROCEDURE                                         Write_Procedure_Execution
sp_Update_Check_Discounts                                                                                                        SQL_STORED_PROCEDURE                                         Write_Procedure_Execution
sp_Update_Employee_Jobs_By_Store                                                                                                 SQL_STORED_PROCEDURE                                         Write_Procedure_Execution
sp_Update_Employee_Wage_By_Job                                                                                                   SQL_STORED_PROCEDURE                                         Write_Procedure_Execution
sp_update_imported_menu_items                                                                                                    SQL_STORED_PROCEDURE                                         Write_Procedure_Execution
sp_Update_Item_Template_Basic                                                                                                    SQL_STORED_PROCEDURE                                         Write_Procedure_Execution
sp_Update_Menu_Tables_From_Imported_JSON                                                                                         SQL_STORED_PROCEDURE                                         Write_Procedure_Execution
sp_Update_Sold_Items_From_Check                                                                                                  SQL_STORED_PROCEDURE                                         Write_Procedure_Execution

(187 rows affected)


Completion time: 2026-03-25T13:53:17.2795924-05:00
